<html>
<body>
<pre>
<h1>µVision Build Log</h1>
<h2>Tool Versions:</h2>
IDE-Version: µVision V5.39.0.0
Copyright (C) 2023 ARM Ltd and ARM Germany GmbH. All rights reserved.
License Information: Simona Catanoiu, ATM, LIC=----
 
Tool Versions:
Toolchain:       MDK-Lite  Version: 5.39.0.0
Toolchain Path:  C:\Keil_v5\ARM\ARMCLANG\Bin
C Compiler:      ArmClang.exe V6.21
Assembler:       Armasm.exe V6.21
Linker/Locator:  ArmLink.exe V6.21
Library Manager: ArmAr.exe V6.21
Hex Converter:   FromElf.exe V6.21
CPU DLL:         SARMCM3.DLL V5.39.0.0
Dialog DLL:      DARMCM1.DLL V1.19.6.0
Target DLL:      CMSIS_AGDI.dll V1.33.16.0
Dialog DLL:      TARMCM1.DLL V1.14.6.0
 
<h2>Project:</h2>
C:\Facultate\Microprocesoare\Proiect Micro\Keil Proiect\proiect.uvprojx
Project File Date:  12/27/2023

<h2>Output:</h2>
*** Using Compiler 'V6.21', folder: 'C:\Keil_v5\ARM\ARMCLANG\Bin'
Rebuild target 'Target 1'
uart.c(1): warning: In file included from...
./uart.h(3): warning: // comments are not allowed in this language [-Wcomment]
    3 | #define GPIO_CHANGE_FLAG 17 //POT SA PUN 17 deoarece nu exista caracter ascii cu aceasta valoare
      |                             ^
uart.c(2): warning: In file included from...
./utils.h(5): warning: no newline at end of file [-Wnewline-eof]
    5 | uint8_t invert_data(uint8_t data);
      |                                   ^
uart.c(3): warning: In file included from...
./gpio.h(3): warning: // comments are not allowed in this language [-Wcomment]
    3 | #define RED_LED_PIN (18) //PORT B PIN 18
      |                          ^
./gpio.h(9): warning: no newline at end of file [-Wnewline-eof]
    9 | void GPIO_change_seq(void);
      |                            ^
uart.c(5): warning: // comments are not allowed in this language [-Wcomment]
    5 | //uint8_t buffer[128];
      | ^
uart.c(8): warning: no previous extern declaration for non-static variable 'osr' [-Wmissing-variable-declarations]
    8 | uint16_t osr = OSR;
      |          ^
uart.c(8): note: declare 'static' if the variable is not intended to be used outside of this translation unit
    8 | uint16_t osr = OSR;
      | ^
uart.c(10): warning: no previous extern declaration for non-static variable 'gpio_message' [-Wmissing-variable-declarations]
   10 | uint8_t gpio_message[]="GPIO SEQUENCE CHANGED";
      |         ^
uart.c(10): note: declare 'static' if the variable is not intended to be used outside of this translation unit
   10 | uint8_t gpio_message[]="GPIO SEQUENCE CHANGED";
      | ^
uart.c(11): warning: no previous extern declaration for non-static variable 'gpio_message_size' [-Wmissing-variable-declarations]
   11 | uint8_t gpio_message_size=21;
      |         ^
uart.c(11): note: declare 'static' if the variable is not intended to be used outside of this translation unit
   11 | uint8_t gpio_message_size=21;
      | ^
uart.c(12): warning: no previous extern declaration for non-static variable 'gpio_message_flag' [-Wmissing-variable-declarations]
   12 | uint8_t gpio_message_flag=0;
      |         ^
uart.c(12): note: declare 'static' if the variable is not intended to be used outside of this translation unit
   12 | uint8_t gpio_message_flag=0;
      | ^
uart.c(83): warning: empty expression statement has no effect; remove unnecessary ';' to silence this warning [-Wextra-semi-stmt]
   83 |         UART0->C2 |= UART0_C2_RIE_MASK;;  //deschidem intreruperi pentru receive
      |                                        ^
uart.c(95): warning: no previous prototype for function 'UART0_IRQHandler' [-Wmissing-prototypes]
   95 | void UART0_IRQHandler(void) {
      |      ^
uart.c(95): note: declare 'static' if the function is not intended to be used outside of this translation unit
   95 | void UART0_IRQHandler(void) {
      | ^
      | static 
uart.c(24): warning: unsafe buffer access [-Wunsafe-buffer-usage]
   24 |                         UART0->D = lsb_to_msb(gpio_message[gpio_message_index]);
      |                                               ^~~~~~~~~~~~
uart.c(37): warning: unsafe buffer access [-Wunsafe-buffer-usage]
   37 |                         letters[index] = data%10+0x30;
      |                         ^~~~~~~
uart.c(46): warning: unsafe buffer access [-Wunsafe-buffer-usage]
   46 |                         UART0_Transmit(letters[index--]);       
      |                                        ^~~~~~~
uart.c(64): warning: unsafe buffer access [-Wunsafe-buffer-usage]
   64 |         PORTA->PCR[1] = ~PORT_PCR_MUX_MASK;
      |         ^~~~~~~~~~
C:/Users/Simona/AppData/Local/Arm/Packs/Keil/Kinetis_KLxx_DFP/1.15.1/Device/Include\MKL25Z4.h(4441): note: expanded from macro 'PORTA'
 4441 | #define PORTA                                    ((PORT_Type *)PORTA_BASE)
      |                                                  ^
uart.c(65): warning: unsafe buffer access [-Wunsafe-buffer-usage]
   65 |         PORTA->PCR[1] = PORT_PCR_ISF_MASK | PORT_PCR_MUX(2);
      |         ^~~~~~~~~~
C:/Users/Simona/AppData/Local/Arm/Packs/Keil/Kinetis_KLxx_DFP/1.15.1/Device/Include\MKL25Z4.h(4441): note: expanded from macro 'PORTA'
 4441 | #define PORTA                                    ((PORT_Type *)PORTA_BASE)
      |                                                  ^
uart.c(66): warning: unsafe buffer access [-Wunsafe-buffer-usage]
   66 |         PORTA->PCR[2] = ~PORT_PCR_MUX_MASK;
      |         ^~~~~~~~~~
C:/Users/Simona/AppData/Local/Arm/Packs/Keil/Kinetis_KLxx_DFP/1.15.1/Device/Include\MKL25Z4.h(4441): note: expanded from macro 'PORTA'
 4441 | #define PORTA                                    ((PORT_Type *)PORTA_BASE)
      |                                                  ^
uart.c(67): warning: unsafe buffer access [-Wunsafe-buffer-usage]
   67 |         PORTA->PCR[2] = PORT_PCR_ISF_MASK | PORT_PCR_MUX(2);
      |         ^~~~~~~~~~
C:/Users/Simona/AppData/Local/Arm/Packs/Keil/Kinetis_KLxx_DFP/1.15.1/Device/Include\MKL25Z4.h(4441): note: expanded from macro 'PORTA'
 4441 | #define PORTA                                    ((PORT_Type *)PORTA_BASE)
      |                                                  ^
18 warnings generated.
compiling uart.c...
Adc.c(1): warning: In file included from...
./Adc.h(7): warning: no newline at end of file [-Wnewline-eof]
    7 | uint16_t ADC_get_value(void);
      |                              ^
Adc.c(2): warning: non-portable path to file '"uart.h"'; specified path differs in case from file name on disk [-Wnonportable-include-path]
    2 | #include "Uart.h"
      |          ^~~~~~~~
      |          "uart.h"
Adc.c(2): warning: In file included from...
./Uart.h(3): warning: // comments are not allowed in this language [-Wcomment]
    3 | #define GPIO_CHANGE_FLAG 17 //POT SA PUN 17 deoarece nu exista caracter ascii cu aceasta valoare
      |                             ^
Adc.c(4): warning: // comments are not allowed in this language [-Wcomment]
    4 | #define ADC_CHANNEL (13) // PORT B PIN 3 -> senzor ambiental
      |                          ^
Adc.c(6): warning: a function declaration without a prototype is deprecated in all versions of C [-Wstrict-prototypes]
    6 | void ADC0_Init() {
      |               ^
      |                void
Adc.c(24): warning: a function declaration without a prototype is deprecated in all versions of C [-Wstrict-prototypes]
   24 | int ADC0_Calibrate() {
      |                   ^
      |                    void
Adc.c(53): warning: mixing declarations and code is a C99 extension [-Wdeclaration-after-statement]
   53 |         uint16_t calibration_var = 0x0000;
      |                  ^
Adc.c(96): warning: a function declaration without a prototype is deprecated in all versions of C [-Wstrict-prototypes]
   96 | uint16_t ADC0_Read(){
      |                   ^
      |                    void
Adc.c(105): warning: a function declaration without a prototype is deprecated in all versions of C [-Wstrict-prototypes]
  105 | uint16_t ADC_get_value()
      |                       ^
      |                        void
9 warnings generated.
compiling Adc.c...
main.c(1): warning: In file included from...
./uart.h(3): warning: // comments are not allowed in this language [-Wcomment]
    3 | #define GPIO_CHANGE_FLAG 17 //POT SA PUN 17 deoarece nu exista caracter ascii cu aceasta valoare
      |                             ^
main.c(2): warning: In file included from...
./gpio.h(3): warning: // comments are not allowed in this language [-Wcomment]
    3 | #define RED_LED_PIN (18) //PORT B PIN 18
      |                          ^
./gpio.h(9): warning: no newline at end of file [-Wnewline-eof]
    9 | void GPIO_change_seq(void);
      |                            ^
main.c(3): warning: In file included from...
./pit.h(4): warning: no newline at end of file [-Wnewline-eof]
    4 | void PIT_IRQHandler(void);
      |                           ^
main.c(4): warning: In file included from...
./Adc.h(7): warning: no newline at end of file [-Wnewline-eof]
    7 | uint16_t ADC_get_value(void);
      |                              ^
main.c(6): warning: In file included from...
./Pwm.h(5): warning: no newline at end of file [-Wnewline-eof]
    5 | void TPM2_Set_DutyCycle(uint16_t value);
      |                                         ^
6 warnings generated.
compiling main.c...
ClockSettings.c(18): warning: // comments are not allowed in this language [-Wcomment]
   18 |         // Deoarece imi doresc ca frecventa de generare a semnalului PWM sa tina cont de tick-uri de 1 ms,
      |         ^
ClockSettings.c(3): warning: no previous extern declaration for non-static variable 'base_tick' [-Wmissing-variable-declarations]
    3 | uint16_t base_tick;
      |          ^
ClockSettings.c(3): note: declare 'static' if the variable is not intended to be used outside of this translation unit
    3 | uint16_t base_tick;
      | ^
ClockSettings.c(4): warning: no previous extern declaration for non-static variable 'tick_50ms' [-Wmissing-variable-declarations]
    4 | uint16_t tick_50ms;
      |          ^
ClockSettings.c(4): note: declare 'static' if the variable is not intended to be used outside of this translation unit
    4 | uint16_t tick_50ms;
      | ^
ClockSettings.c(5): warning: no previous extern declaration for non-static variable 'tick_100ms' [-Wmissing-variable-declarations]
    5 | uint16_t tick_100ms;
      |          ^
ClockSettings.c(5): note: declare 'static' if the variable is not intended to be used outside of this translation unit
    5 | uint16_t tick_100ms;
      | ^
ClockSettings.c(6): warning: no previous extern declaration for non-static variable 'tick_500ms' [-Wmissing-variable-declarations]
    6 | uint16_t tick_500ms;
      |          ^
ClockSettings.c(6): note: declare 'static' if the variable is not intended to be used outside of this translation unit
    6 | uint16_t tick_500ms;
      | ^
ClockSettings.c(7): warning: no previous extern declaration for non-static variable 'tick_1s' [-Wmissing-variable-declarations]
    7 | uint16_t tick_1s;
      |          ^
ClockSettings.c(7): note: declare 'static' if the variable is not intended to be used outside of this translation unit
    7 | uint16_t tick_1s;
      | ^
6 warnings generated.
compiling ClockSettings.c...
compiling system_MKL25Z4.c...
gpio.c(1): warning: In file included from...
./gpio.h(3): warning: // comments are not allowed in this language [-Wcomment]
    3 | #define RED_LED_PIN (18) //PORT B PIN 18
      |                          ^
./gpio.h(9): warning: no newline at end of file [-Wnewline-eof]
    9 | void GPIO_change_seq(void);
      |                            ^
gpio.c(3): warning: no previous extern declaration for non-static variable 'state' [-Wmissing-variable-declarations]
    3 | uint8_t state=0;
      |         ^
gpio.c(3): note: declare 'static' if the variable is not intended to be used outside of this translation unit
    3 | uint8_t state=0;
      | ^
gpio.c(4): warning: no previous extern declaration for non-static variable 'flag' [-Wmissing-variable-declarations]
    4 | uint8_t flag=0;
      |         ^
gpio.c(4): note: declare 'static' if the variable is not intended to be used outside of this translation unit
    4 | uint8_t flag=0;
      | ^
gpio.c(5): warning: no previous extern declaration for non-static variable 'seq1' [-Wmissing-variable-declarations]
    5 | const uint8_t seq1[] = {0, 1, 2, 3, 4};
      |               ^
gpio.c(5): note: declare 'static' if the variable is not intended to be used outside of this translation unit
    5 | const uint8_t seq1[] = {0, 1, 2, 3, 4};
      |       ^
gpio.c(6): warning: no previous extern declaration for non-static variable 'seq2' [-Wmissing-variable-declarations]
    6 | const uint8_t seq2[] = {4, 3, 2, 1, 0};
      |               ^
gpio.c(6): note: declare 'static' if the variable is not intended to be used outside of this translation unit
    6 | const uint8_t seq2[] = {4, 3, 2, 1, 0};
      |       ^
gpio.c(22): warning: // comments are not allowed in this language [-Wcomment]
   22 |         //  state=1-> white on   state=2 -> green on    state=3  -> blue on  state=4 -> purple on
      |         ^
gpio.c(85): warning: no newline at end of file [-Wnewline-eof]
   85 | }
      |  ^
gpio.c(66): warning: unsafe buffer access [-Wunsafe-buffer-usage]
   66 |         PORTB->PCR[RED_LED_PIN] &= ~PORT_PCR_MUX_MASK;
      |         ^~~~~~~~~~
C:/Users/Simona/AppData/Local/Arm/Packs/Keil/Kinetis_KLxx_DFP/1.15.1/Device/Include\MKL25Z4.h(4446): note: expanded from macro 'PORTB'
 4446 | #define PORTB                                    ((PORT_Type *)PORTB_BASE)
      |                                                  ^
gpio.c(67): warning: unsafe buffer access [-Wunsafe-buffer-usage]
   67 |         PORTB->PCR[RED_LED_PIN] |=PORT_PCR_MUX(1); 
      |         ^~~~~~~~~~
C:/Users/Simona/AppData/Local/Arm/Packs/Keil/Kinetis_KLxx_DFP/1.15.1/Device/Include\MKL25Z4.h(4446): note: expanded from macro 'PORTB'
 4446 | #define PORTB                                    ((PORT_Type *)PORTB_BASE)
      |                                                  ^
gpio.c(69): warning: unsafe buffer access [-Wunsafe-buffer-usage]
   69 |         PORTB->PCR[GREEN_LED_PIN] &= ~PORT_PCR_MUX_MASK;
      |         ^~~~~~~~~~
C:/Users/Simona/AppData/Local/Arm/Packs/Keil/Kinetis_KLxx_DFP/1.15.1/Device/Include\MKL25Z4.h(4446): note: expanded from macro 'PORTB'
 4446 | #define PORTB                                    ((PORT_Type *)PORTB_BASE)
      |                                                  ^
gpio.c(70): warning: unsafe buffer access [-Wunsafe-buffer-usage]
   70 |         PORTB->PCR[GREEN_LED_PIN] |=PORT_PCR_MUX(1);
      |         ^~~~~~~~~~
C:/Users/Simona/AppData/Local/Arm/Packs/Keil/Kinetis_KLxx_DFP/1.15.1/Device/Include\MKL25Z4.h(4446): note: expanded from macro 'PORTB'
 4446 | #define PORTB                                    ((PORT_Type *)PORTB_BASE)
      |                                                  ^
gpio.c(72): warning: unsafe buffer access [-Wunsafe-buffer-usage]
   72 |         PORTD->PCR[BLUE_LED_PIN] &= ~PORT_PCR_MUX_MASK;
      |         ^~~~~~~~~~
C:/Users/Simona/AppData/Local/Arm/Packs/Keil/Kinetis_KLxx_DFP/1.15.1/Device/Include\MKL25Z4.h(4456): note: expanded from macro 'PORTD'
 4456 | #define PORTD                                    ((PORT_Type *)PORTD_BASE)
      |                                                  ^
gpio.c(73): warning: unsafe buffer access [-Wunsafe-buffer-usage]
   73 |         PORTD->PCR[BLUE_LED_PIN] |=PORT_PCR_MUX(1);
      |         ^~~~~~~~~~
C:/Users/Simona/AppData/Local/Arm/Packs/Keil/Kinetis_KLxx_DFP/1.15.1/Device/Include\MKL25Z4.h(4456): note: expanded from macro 'PORTD'
 4456 | #define PORTD                                    ((PORT_Type *)PORTD_BASE)
      |                                                  ^
14 warnings generated.
compiling gpio.c...
pit.c(1): warning: In file included from...
./pit.h(4): warning: no newline at end of file [-Wnewline-eof]
    4 | void PIT_IRQHandler(void);
      |                           ^
pit.c(2): warning: non-portable path to file '"uart.h"'; specified path differs in case from file name on disk [-Wnonportable-include-path]
    2 | #include "Uart.h"
      |          ^~~~~~~~
      |          "uart.h"
pit.c(2): warning: In file included from...
./Uart.h(3): warning: // comments are not allowed in this language [-Wcomment]
    3 | #define GPIO_CHANGE_FLAG 17 //POT SA PUN 17 deoarece nu exista caracter ascii cu aceasta valoare
      |                             ^
pit.c(3): warning: In file included from...
./gpio.h(3): warning: // comments are not allowed in this language [-Wcomment]
    3 | #define RED_LED_PIN (18) //PORT B PIN 18
      |                          ^
./gpio.h(9): warning: no newline at end of file [-Wnewline-eof]
    9 | void GPIO_change_seq(void);
      |                            ^
pit.c(11): warning: // comments are not allowed in this language [-Wcomment]
   11 |         // Setarea valoarea numaratorului de pe canalul 0 la o perioada de 275 ms
      |         ^
pit.c(30): warning: no newline at end of file [-Wnewline-eof]
   30 | }
      |  ^
7 warnings generated.
compiling pit.c...
utils.c(1): warning: In file included from...
./utils.h(5): warning: no newline at end of file [-Wnewline-eof]
    5 | uint8_t invert_data(uint8_t data);
      |                                   ^
utils.c(17): warning: // comments are not allowed in this language [-Wcomment]
   17 | //aceeasi functie dar scrisa din nou ca sa ma ajute sa citesc
      | ^
utils.c(35): warning: no newline at end of file [-Wnewline-eof]
   35 | }
      |  ^
3 warnings generated.
compiling utils.c...
assembling startup_MKL25Z4.s...
Pwm.c(1): warning: In file included from...
./Pwm.h(5): warning: no newline at end of file [-Wnewline-eof]
    5 | void TPM2_Set_DutyCycle(uint16_t value);
      |                                         ^
Pwm.c(3): warning: // comments are not allowed in this language [-Wcomment]
    3 | #define OSCILLOSCOPE_PIN (1) // PORT A , PIN 1
      |                              ^
Pwm.c(5): warning: a function declaration without a prototype is deprecated in all versions of C [-Wstrict-prototypes]
    5 | void TPM2_Init(){
      |               ^
      |                void
Pwm.c(13): warning: unsafe buffer access [-Wunsafe-buffer-usage]
   13 |         PORTA->PCR[OSCILLOSCOPE_PIN] |= PORT_PCR_MUX(3);
      |         ^~~~~~~~~~
C:/Users/Simona/AppData/Local/Arm/Packs/Keil/Kinetis_KLxx_DFP/1.15.1/Device/Include\MKL25Z4.h(4441): note: expanded from macro 'PORTA'
 4441 | #define PORTA                                    ((PORT_Type *)PORTA_BASE)
      |                                                  ^
4 warnings generated.
compiling Pwm.c...
linking...
Program Size: Code=4556 RO-data=288 RW-data=28 ZI-data=376  
".\Objects\proiect.axf" - 0 Error(s), 67 Warning(s).

<h2>Software Packages used:</h2>

Package Vendor: ARM
                http://www.keil.com/pack/ARM.CMSIS.5.9.0.pack
                ARM::CMSIS@5.9.0
                CMSIS (Common Microcontroller Software Interface Standard)
   * Component: CORE Version: 5.6.0

Package Vendor: Keil
                https://www.keil.com/pack/Keil.Kinetis_KLxx_DFP.1.15.1.pack
                Keil::Kinetis_KLxx_DFP@1.15.1
                NXP Kinetis KLxx Series Device Support and Examples
   * Component: Startup Version: 2.5.0

<h2>Collection of Component include folders:</h2>
  ./RTE/Device/MKL25Z128xxx4
  ./RTE/_Target_1
  C:/Users/Simona/AppData/Local/Arm/Packs/ARM/CMSIS/5.9.0/CMSIS/Core/Include
  C:/Users/Simona/AppData/Local/Arm/Packs/Keil/Kinetis_KLxx_DFP/1.15.1/Device/Include

<h2>Collection of Component Files used:</h2>

   * Component: ARM::CMSIS:CORE@5.6.0

   * Component: Keil::Device:Startup@2.5.0
      Source file:   Device/Source/ARM/startup_MKL25Z4.s
      Source file:   Device/Source/system_MKL25Z4.c
      Include file:  Device/Source/system_MKL25Z4.h
Build Time Elapsed:  00:00:00
</pre>
</body>
</html>
