Component: Arm Compiler for Embedded 6.21 Tool: armlink [5ec1fa00]

==============================================================================

Section Cross References

    uart.o(.text.UART0_Transmit) refers to utils.o(.text.lsb_to_msb) for lsb_to_msb
    uart.o(.text.UART0_Transmit) refers to uart.o(.bss.gpio_message_flag) for gpio_message_flag
    uart.o(.text.UART0_Transmit) refers to uart.o(.data.gpio_message_size) for gpio_message_size
    uart.o(.text.UART0_Transmit) refers to uart.o(.data.gpio_message) for gpio_message
    uart.o(.ARM.exidx.text.UART0_Transmit) refers to uart.o(.text.UART0_Transmit) for [Anonymous Symbol]
    uart.o(.text.UART0_Transmit_ADC_val) refers to aeabi_sdiv.o(.text) for __aeabi_uidivmod
    uart.o(.text.UART0_Transmit_ADC_val) refers to uart.o(.text.UART0_Transmit) for UART0_Transmit
    uart.o(.ARM.exidx.text.UART0_Transmit_ADC_val) refers to uart.o(.text.UART0_Transmit_ADC_val) for [Anonymous Symbol]
    uart.o(.text.UART0_Initialize) refers to aeabi_sdiv.o(.text) for __aeabi_uidiv
    uart.o(.text.UART0_Initialize) refers to uart.o(.text.__NVIC_ClearPendingIRQ) for __NVIC_ClearPendingIRQ
    uart.o(.text.UART0_Initialize) refers to uart.o(.text.__NVIC_SetPriority) for __NVIC_SetPriority
    uart.o(.text.UART0_Initialize) refers to uart.o(.text.__NVIC_EnableIRQ) for __NVIC_EnableIRQ
    uart.o(.text.UART0_Initialize) refers to uart.o(.data.osr) for osr
    uart.o(.ARM.exidx.text.UART0_Initialize) refers to uart.o(.text.UART0_Initialize) for [Anonymous Symbol]
    uart.o(.ARM.exidx.text.__NVIC_ClearPendingIRQ) refers to uart.o(.text.__NVIC_ClearPendingIRQ) for [Anonymous Symbol]
    uart.o(.ARM.exidx.text.__NVIC_SetPriority) refers to uart.o(.text.__NVIC_SetPriority) for [Anonymous Symbol]
    uart.o(.ARM.exidx.text.__NVIC_EnableIRQ) refers to uart.o(.text.__NVIC_EnableIRQ) for [Anonymous Symbol]
    uart.o(.text.UART0_IRQHandler) refers to utils.o(.text.msb_to_lsb) for msb_to_lsb
    uart.o(.text.UART0_IRQHandler) refers to uart.o(.text.UART0_Transmit) for UART0_Transmit
    uart.o(.text.UART0_IRQHandler) refers to gpio.o(.text.GPIO_change_seq) for GPIO_change_seq
    uart.o(.text.UART0_IRQHandler) refers to gpio.o(.text.GPIO_change_color) for GPIO_change_color
    uart.o(.text.UART0_IRQHandler) refers to gpio.o(.text.GPIO_start_stop) for GPIO_start_stop
    uart.o(.text.UART0_IRQHandler) refers to uart.o(.bss.gpio_message_flag) for gpio_message_flag
    uart.o(.ARM.exidx.text.UART0_IRQHandler) refers to uart.o(.text.UART0_IRQHandler) for [Anonymous Symbol]
    main.o(.text.main) refers to gpio.o(.text.GPIO_Init) for GPIO_Init
    main.o(.text.main) refers to pit.o(.text.PIT_Init) for PIT_Init
    main.o(.text.main) refers to clocksettings.o(.text.SystemClockTick_Configure) for SystemClockTick_Configure
    main.o(.text.main) refers to uart.o(.text.UART0_Initialize) for UART0_Initialize
    main.o(.text.main) refers to adc.o(.text.ADC0_Init) for ADC0_Init
    main.o(.text.main) refers to pwm.o(.text.TPM2_Init) for TPM2_Init
    main.o(.text.main) refers to adc.o(.text.ADC_get_value) for ADC_get_value
    main.o(.text.main) refers to uart.o(.text.UART0_Transmit_ADC_val) for UART0_Transmit_ADC_val
    main.o(.text.main) refers to pwm.o(.text.TPM2_Set_DutyCycle) for TPM2_Set_DutyCycle
    main.o(.text.main) refers to clocksettings.o(.bss.flag_1s) for flag_1s
    main.o(.ARM.exidx.text.main) refers to main.o(.text.main) for [Anonymous Symbol]
    utils.o(.ARM.exidx.text.msb_to_lsb) refers to utils.o(.text.msb_to_lsb) for [Anonymous Symbol]
    utils.o(.ARM.exidx.text.lsb_to_msb) refers to utils.o(.text.lsb_to_msb) for [Anonymous Symbol]
    utils.o(.ARM.exidx.text.invert_data) refers to utils.o(.text.invert_data) for [Anonymous Symbol]
    gpio.o(.text.GPIO_change_seq) refers to gpio.o(.bss.flag) for flag
    gpio.o(.text.GPIO_change_seq) refers to gpio.o(.bss.state) for state
    gpio.o(.ARM.exidx.text.GPIO_change_seq) refers to gpio.o(.text.GPIO_change_seq) for [Anonymous Symbol]
    gpio.o(.text.GPIO_start_stop) refers to gpio.o(.data.start) for start
    gpio.o(.ARM.exidx.text.GPIO_start_stop) refers to gpio.o(.text.GPIO_start_stop) for [Anonymous Symbol]
    gpio.o(.text.GPIO_change_color) refers to gpio.o(.data.start) for start
    gpio.o(.text.GPIO_change_color) refers to gpio.o(.bss.state) for state
    gpio.o(.text.GPIO_change_color) refers to gpio.o(.bss.flag) for flag
    gpio.o(.ARM.exidx.text.GPIO_change_color) refers to gpio.o(.text.GPIO_change_color) for [Anonymous Symbol]
    gpio.o(.text.GPIO_Init) refers to gpio.o(.bss.state) for state
    gpio.o(.ARM.exidx.text.GPIO_Init) refers to gpio.o(.text.GPIO_Init) for [Anonymous Symbol]
    pit.o(.text.PIT_Init) refers to pit.o(.text.__NVIC_ClearPendingIRQ) for __NVIC_ClearPendingIRQ
    pit.o(.text.PIT_Init) refers to pit.o(.text.__NVIC_SetPriority) for __NVIC_SetPriority
    pit.o(.text.PIT_Init) refers to pit.o(.text.__NVIC_EnableIRQ) for __NVIC_EnableIRQ
    pit.o(.ARM.exidx.text.PIT_Init) refers to pit.o(.text.PIT_Init) for [Anonymous Symbol]
    pit.o(.ARM.exidx.text.__NVIC_ClearPendingIRQ) refers to pit.o(.text.__NVIC_ClearPendingIRQ) for [Anonymous Symbol]
    pit.o(.ARM.exidx.text.__NVIC_SetPriority) refers to pit.o(.text.__NVIC_SetPriority) for [Anonymous Symbol]
    pit.o(.ARM.exidx.text.__NVIC_EnableIRQ) refers to pit.o(.text.__NVIC_EnableIRQ) for [Anonymous Symbol]
    pit.o(.text.PIT_IRQHandler) refers to gpio.o(.text.GPIO_change_color) for GPIO_change_color
    pit.o(.ARM.exidx.text.PIT_IRQHandler) refers to pit.o(.text.PIT_IRQHandler) for [Anonymous Symbol]
    adc.o(.text.ADC0_Init) refers to adc.o(.text.ADC0_Calibrate) for ADC0_Calibrate
    adc.o(.ARM.exidx.text.ADC0_Init) refers to adc.o(.text.ADC0_Init) for [Anonymous Symbol]
    adc.o(.ARM.exidx.text.ADC0_Calibrate) refers to adc.o(.text.ADC0_Calibrate) for [Anonymous Symbol]
    adc.o(.ARM.exidx.text.ADC0_Read) refers to adc.o(.text.ADC0_Read) for [Anonymous Symbol]
    adc.o(.text.ADC_get_value) refers to adc.o(.text.ADC0_Read) for ADC0_Read
    adc.o(.text.ADC_get_value) refers to fflti.o(.text) for __aeabi_i2f
    adc.o(.text.ADC_get_value) refers to fdiv.o(.text) for __aeabi_fdiv
    adc.o(.text.ADC_get_value) refers to fmul.o(x$fpl$fmul) for __aeabi_fmul
    adc.o(.text.ADC_get_value) refers to ffixi.o(.text) for __aeabi_f2iz
    adc.o(.ARM.exidx.text.ADC_get_value) refers to adc.o(.text.ADC_get_value) for [Anonymous Symbol]
    clocksettings.o(.text.SystemClockTick_Configure) refers to clocksettings.o(.text.__NVIC_SetPriority) for __NVIC_SetPriority
    clocksettings.o(.ARM.exidx.text.SystemClockTick_Configure) refers to clocksettings.o(.text.SystemClockTick_Configure) for [Anonymous Symbol]
    clocksettings.o(.ARM.exidx.text.__NVIC_SetPriority) refers to clocksettings.o(.text.__NVIC_SetPriority) for [Anonymous Symbol]
    clocksettings.o(.text.SysTick_Handler) refers to clocksettings.o(.bss.base_tick) for base_tick
    clocksettings.o(.text.SysTick_Handler) refers to clocksettings.o(.bss.flag_50ms) for flag_50ms
    clocksettings.o(.text.SysTick_Handler) refers to clocksettings.o(.bss.tick_50ms) for tick_50ms
    clocksettings.o(.text.SysTick_Handler) refers to clocksettings.o(.bss.flag_100ms) for flag_100ms
    clocksettings.o(.text.SysTick_Handler) refers to clocksettings.o(.bss.tick_100ms) for tick_100ms
    clocksettings.o(.text.SysTick_Handler) refers to clocksettings.o(.bss.flag_500ms) for flag_500ms
    clocksettings.o(.text.SysTick_Handler) refers to clocksettings.o(.bss.tick_500ms) for tick_500ms
    clocksettings.o(.text.SysTick_Handler) refers to clocksettings.o(.bss.flag_1s) for flag_1s
    clocksettings.o(.text.SysTick_Handler) refers to clocksettings.o(.bss.tick_1s) for tick_1s
    clocksettings.o(.text.SysTick_Handler) refers to clocksettings.o(.bss.flag_5s) for flag_5s
    clocksettings.o(.ARM.exidx.text.SysTick_Handler) refers to clocksettings.o(.text.SysTick_Handler) for [Anonymous Symbol]
    pwm.o(.ARM.exidx.text.TPM2_Init) refers to pwm.o(.text.TPM2_Init) for [Anonymous Symbol]
    pwm.o(.ARM.exidx.text.TPM2_Set_DutyCycle) refers to pwm.o(.text.TPM2_Set_DutyCycle) for [Anonymous Symbol]
    startup_mkl25z4.o(STACK) refers (Special) to heapauxi.o(.text) for __use_two_region_memory
    startup_mkl25z4.o(HEAP) refers (Special) to heapauxi.o(.text) for __use_two_region_memory
    startup_mkl25z4.o(RESET) refers (Special) to heapauxi.o(.text) for __use_two_region_memory
    startup_mkl25z4.o(RESET) refers to startup_mkl25z4.o(STACK) for __initial_sp
    startup_mkl25z4.o(RESET) refers to startup_mkl25z4.o(.text) for Reset_Handler
    startup_mkl25z4.o(RESET) refers to clocksettings.o(.text.SysTick_Handler) for SysTick_Handler
    startup_mkl25z4.o(RESET) refers to uart.o(.text.UART0_IRQHandler) for UART0_IRQHandler
    startup_mkl25z4.o(RESET) refers to pit.o(.text.PIT_IRQHandler) for PIT_IRQHandler
    startup_mkl25z4.o(.ARM.__at_0x400) refers (Special) to heapauxi.o(.text) for __use_two_region_memory
    startup_mkl25z4.o(.text) refers (Special) to heapauxi.o(.text) for __use_two_region_memory
    startup_mkl25z4.o(.text) refers to system_mkl25z4.o(.text.SystemInit) for SystemInit
    startup_mkl25z4.o(.text) refers to __main.o(!!!main) for __main
    startup_mkl25z4.o(.text) refers to startup_mkl25z4.o(HEAP) for Heap_Mem
    startup_mkl25z4.o(.text) refers to startup_mkl25z4.o(STACK) for Stack_Mem
    system_mkl25z4.o(.ARM.exidx.text.SystemInit) refers to system_mkl25z4.o(.text.SystemInit) for [Anonymous Symbol]
    system_mkl25z4.o(.text.SystemCoreClockUpdate) refers to aeabi_sdiv.o(.text) for __aeabi_uidiv
    system_mkl25z4.o(.text.SystemCoreClockUpdate) refers to system_mkl25z4.o(.data.SystemCoreClock) for SystemCoreClock
    system_mkl25z4.o(.ARM.exidx.text.SystemCoreClockUpdate) refers to system_mkl25z4.o(.text.SystemCoreClockUpdate) for [Anonymous Symbol]
    __main.o(!!!main) refers to __rtentry.o(.ARM.Collect$$rtentry$$00000000) for __rt_entry
    fdiv.o(.text) refers (Special) to usenofp.o(x$fpl$usenofp) for __I$use$fp
    fdiv.o(.text) refers to fdiv.o(.constdata) for .constdata
    fdiv.o(.constdata) refers (Special) to usenofp.o(x$fpl$usenofp) for __I$use$fp
    ffixi.o(.text) refers (Special) to usenofp.o(x$fpl$usenofp) for __I$use$fp
    fflti.o(.text) refers (Special) to usenofp.o(x$fpl$usenofp) for __I$use$fp
    fmul.o(x$fpl$fmul) refers (Special) to usenofp.o(x$fpl$usenofp) for __I$use$fp
    __rtentry.o(.ARM.Collect$$rtentry$$00000000) refers (Special) to __rtentry2.o(.ARM.Collect$$rtentry$$0000000A) for __rt_entry_li
    __rtentry.o(.ARM.Collect$$rtentry$$00000000) refers (Special) to __rtentry2.o(.ARM.Collect$$rtentry$$0000000D) for __rt_entry_main
    __rtentry.o(.ARM.Collect$$rtentry$$00000000) refers (Special) to __rtentry2.o(.ARM.Collect$$rtentry$$0000000C) for __rt_entry_postli_1
    __rtentry.o(.ARM.Collect$$rtentry$$00000000) refers (Special) to __rtentry2.o(.ARM.Collect$$rtentry$$00000009) for __rt_entry_postsh_1
    __rtentry.o(.ARM.Collect$$rtentry$$00000000) refers (Special) to __rtentry2.o(.ARM.Collect$$rtentry$$00000002) for __rt_entry_presh_1
    __rtentry.o(.ARM.Collect$$rtentry$$00000000) refers (Special) to __rtentry4.o(.ARM.Collect$$rtentry$$00000004) for __rt_entry_sh
    aeabi_idiv0_sigfpe.o(.text) refers to rt_div0.o(.text) for __rt_div0
    __rtentry2.o(.ARM.Collect$$rtentry$$00000008) refers to boardinit2.o(.text) for _platform_post_stackheap_init
    __rtentry2.o(.ARM.Collect$$rtentry$$0000000A) refers to libinit.o(.ARM.Collect$$libinit$$00000000) for __rt_lib_init
    __rtentry2.o(.ARM.Collect$$rtentry$$0000000B) refers to boardinit3.o(.text) for _platform_post_lib_init
    __rtentry2.o(.ARM.Collect$$rtentry$$0000000D) refers to main.o(.text.main) for main
    __rtentry2.o(.ARM.Collect$$rtentry$$0000000D) refers to exit.o(.text) for exit
    __rtentry2.o(.ARM.exidx) refers to __rtentry2.o(.ARM.Collect$$rtentry$$00000001) for .ARM.Collect$$rtentry$$00000001
    __rtentry2.o(.ARM.exidx) refers to __rtentry2.o(.ARM.Collect$$rtentry$$00000008) for .ARM.Collect$$rtentry$$00000008
    __rtentry2.o(.ARM.exidx) refers to __rtentry2.o(.ARM.Collect$$rtentry$$0000000A) for .ARM.Collect$$rtentry$$0000000A
    __rtentry2.o(.ARM.exidx) refers to __rtentry2.o(.ARM.Collect$$rtentry$$0000000B) for .ARM.Collect$$rtentry$$0000000B
    __rtentry2.o(.ARM.exidx) refers to __rtentry2.o(.ARM.Collect$$rtentry$$0000000D) for .ARM.Collect$$rtentry$$0000000D
    __rtentry4.o(.ARM.Collect$$rtentry$$00000004) refers to sys_stackheap_outer.o(.text) for __user_setup_stackheap
    __rtentry4.o(.ARM.exidx) refers to __rtentry4.o(.ARM.Collect$$rtentry$$00000004) for .ARM.Collect$$rtentry$$00000004
    rt_div0.o(.text) refers to defsig_fpe_outer.o(.text) for __rt_SIGFPE
    sys_stackheap_outer.o(.text) refers to libspace.o(.text) for __user_perproc_libspace
    sys_stackheap_outer.o(.text) refers to startup_mkl25z4.o(.text) for __user_initial_stackheap
    sys_stackheap_outer.o(__vectab_stack_and_reset_area) refers to tempstk.o(.text) for __temporary_stack_top
    sys_stackheap_outer.o(__vectab_stack_and_reset_area) refers to __main.o(!!!main) for __main
    exit.o(.text) refers to rtexit.o(.ARM.Collect$$rtexit$$00000000) for __rt_exit
    defsig_fpe_outer.o(.text) refers to defsig_fpe_inner.o(.text) for __rt_SIGFPE_inner
    defsig_fpe_outer.o(.text) refers to defsig_exit.o(.text) for __sig_exit
    defsig_fpe_formal.o(.text) refers to rt_raise.o(.text) for __rt_raise
    libinit.o(.ARM.Collect$$libinit$$00000000) refers (Special) to libinit2.o(.ARM.Collect$$libinit$$00000030) for __rt_lib_init_alloca_1
    libinit.o(.ARM.Collect$$libinit$$00000000) refers (Special) to libinit2.o(.ARM.Collect$$libinit$$0000002E) for __rt_lib_init_argv_1
    libinit.o(.ARM.Collect$$libinit$$00000000) refers (Special) to libinit2.o(.ARM.Collect$$libinit$$0000001D) for __rt_lib_init_atexit_1
    libinit.o(.ARM.Collect$$libinit$$00000000) refers (Special) to libinit2.o(.ARM.Collect$$libinit$$00000023) for __rt_lib_init_clock_1
    libinit.o(.ARM.Collect$$libinit$$00000000) refers (Special) to libinit2.o(.ARM.Collect$$libinit$$00000034) for __rt_lib_init_cpp_1
    libinit.o(.ARM.Collect$$libinit$$00000000) refers (Special) to libinit2.o(.ARM.Collect$$libinit$$00000032) for __rt_lib_init_exceptions_1
    libinit.o(.ARM.Collect$$libinit$$00000000) refers (Special) to libinit2.o(.ARM.Collect$$libinit$$00000002) for __rt_lib_init_fp_1
    libinit.o(.ARM.Collect$$libinit$$00000000) refers (Special) to libinit2.o(.ARM.Collect$$libinit$$00000021) for __rt_lib_init_fp_trap_1
    libinit.o(.ARM.Collect$$libinit$$00000000) refers (Special) to libinit2.o(.ARM.Collect$$libinit$$00000025) for __rt_lib_init_getenv_1
    libinit.o(.ARM.Collect$$libinit$$00000000) refers (Special) to libinit2.o(.ARM.Collect$$libinit$$0000000C) for __rt_lib_init_heap_1
    libinit.o(.ARM.Collect$$libinit$$00000000) refers (Special) to libinit2.o(.ARM.Collect$$libinit$$00000013) for __rt_lib_init_lc_collate_1
    libinit.o(.ARM.Collect$$libinit$$00000000) refers (Special) to libinit2.o(.ARM.Collect$$libinit$$00000015) for __rt_lib_init_lc_ctype_1
    libinit.o(.ARM.Collect$$libinit$$00000000) refers (Special) to libinit2.o(.ARM.Collect$$libinit$$00000017) for __rt_lib_init_lc_monetary_1
    libinit.o(.ARM.Collect$$libinit$$00000000) refers (Special) to libinit2.o(.ARM.Collect$$libinit$$00000019) for __rt_lib_init_lc_numeric_1
    libinit.o(.ARM.Collect$$libinit$$00000000) refers (Special) to libinit2.o(.ARM.Collect$$libinit$$0000001B) for __rt_lib_init_lc_time_1
    libinit.o(.ARM.Collect$$libinit$$00000000) refers (Special) to libinit2.o(.ARM.Collect$$libinit$$00000006) for __rt_lib_init_preinit_1
    libinit.o(.ARM.Collect$$libinit$$00000000) refers (Special) to libinit2.o(.ARM.Collect$$libinit$$00000010) for __rt_lib_init_rand_1
    libinit.o(.ARM.Collect$$libinit$$00000000) refers (Special) to libinit2.o(.ARM.Collect$$libinit$$00000004) for __rt_lib_init_relocate_pie_1
    libinit.o(.ARM.Collect$$libinit$$00000000) refers (Special) to libinit2.o(.ARM.Collect$$libinit$$00000035) for __rt_lib_init_return
    libinit.o(.ARM.Collect$$libinit$$00000000) refers (Special) to libinit2.o(.ARM.Collect$$libinit$$0000001F) for __rt_lib_init_signal_1
    libinit.o(.ARM.Collect$$libinit$$00000000) refers (Special) to libinit2.o(.ARM.Collect$$libinit$$00000027) for __rt_lib_init_stdio_1
    libinit.o(.ARM.Collect$$libinit$$00000000) refers (Special) to libinit2.o(.ARM.Collect$$libinit$$0000000E) for __rt_lib_init_user_alloc_1
    libspace.o(.text) refers to libspace.o(.bss) for __libspace_start
    rtexit.o(.ARM.Collect$$rtexit$$00000000) refers (Special) to rtexit2.o(.ARM.Collect$$rtexit$$00000004) for __rt_exit_exit
    rtexit.o(.ARM.Collect$$rtexit$$00000000) refers (Special) to rtexit2.o(.ARM.Collect$$rtexit$$00000003) for __rt_exit_ls
    rtexit.o(.ARM.Collect$$rtexit$$00000000) refers (Special) to rtexit2.o(.ARM.Collect$$rtexit$$00000002) for __rt_exit_prels_1
    rtexit.o(.ARM.exidx) refers (Special) to rtexit2.o(.ARM.Collect$$rtexit$$00000004) for __rt_exit_exit
    rtexit.o(.ARM.exidx) refers (Special) to rtexit2.o(.ARM.Collect$$rtexit$$00000003) for __rt_exit_ls
    rtexit.o(.ARM.exidx) refers (Special) to rtexit2.o(.ARM.Collect$$rtexit$$00000002) for __rt_exit_prels_1
    rtexit.o(.ARM.exidx) refers to rtexit.o(.ARM.Collect$$rtexit$$00000000) for .ARM.Collect$$rtexit$$00000000
    rt_raise.o(.text) refers to __raise.o(.text) for __raise
    rt_raise.o(.text) refers to sys_exit.o(.text) for _sys_exit
    defsig_exit.o(.text) refers to sys_exit.o(.text) for _sys_exit
    defsig_fpe_inner.o(.text) refers to defsig_general.o(.text) for __default_signal_display
    libinit2.o(.ARM.Collect$$libinit$$00000012) refers to libinit2.o(.ARM.Collect$$libinit$$00000011) for .ARM.Collect$$libinit$$00000011
    libinit2.o(.ARM.Collect$$libinit$$00000014) refers to libinit2.o(.ARM.Collect$$libinit$$00000011) for .ARM.Collect$$libinit$$00000011
    libinit2.o(.ARM.Collect$$libinit$$00000016) refers to libinit2.o(.ARM.Collect$$libinit$$00000011) for .ARM.Collect$$libinit$$00000011
    libinit2.o(.ARM.Collect$$libinit$$00000018) refers to libinit2.o(.ARM.Collect$$libinit$$00000011) for .ARM.Collect$$libinit$$00000011
    libinit2.o(.ARM.Collect$$libinit$$0000001A) refers to libinit2.o(.ARM.Collect$$libinit$$00000011) for .ARM.Collect$$libinit$$00000011
    libinit2.o(.ARM.Collect$$libinit$$00000028) refers to argv_veneer.o(.text) for __ARM_argv_veneer
    libinit2.o(.ARM.Collect$$libinit$$00000029) refers to argv_veneer.o(.text) for __ARM_argv_veneer
    sys_exit.o(.text) refers (Special) to use_no_semi.o(.text) for __I$use$semihosting
    sys_exit.o(.text) refers (Special) to indicate_semi.o(.text) for __semihosting_library_function
    sys_exit_hlt.o(.text) refers (Special) to use_no_semi.o(.text) for __I$use$semihosting
    sys_exit_hlt.o(.text) refers (Special) to indicate_semi.o(.text) for __semihosting_library_function
    rtexit2.o(.ARM.Collect$$rtexit$$00000003) refers to libshutdown.o(.ARM.Collect$$libshutdown$$00000000) for __rt_lib_shutdown
    rtexit2.o(.ARM.Collect$$rtexit$$00000004) refers to sys_exit.o(.text) for _sys_exit
    rtexit2.o(.ARM.exidx) refers to rtexit2.o(.ARM.Collect$$rtexit$$00000001) for .ARM.Collect$$rtexit$$00000001
    rtexit2.o(.ARM.exidx) refers to rtexit2.o(.ARM.Collect$$rtexit$$00000003) for .ARM.Collect$$rtexit$$00000003
    rtexit2.o(.ARM.exidx) refers to rtexit2.o(.ARM.Collect$$rtexit$$00000004) for .ARM.Collect$$rtexit$$00000004
    __raise.o(.text) refers to defsig.o(CL$$defsig) for __default_signal_handler
    defsig_general.o(.text) refers to sys_wrch.o(.text) for _ttywrch
    sys_wrch.o(.text) refers (Special) to use_no_semi.o(.text) for __I$use$semihosting
    sys_wrch.o(.text) refers (Special) to indicate_semi.o(.text) for __semihosting_library_function
    sys_wrch_hlt.o(.text) refers (Special) to use_no_semi.o(.text) for __I$use$semihosting
    sys_wrch_hlt.o(.text) refers (Special) to indicate_semi.o(.text) for __semihosting_library_function
    defsig.o(CL$$defsig) refers to defsig_fpe_inner.o(.text) for __rt_SIGFPE_inner
    defsig.o(CL$$defsig) refers to defsig_rtmem_inner.o(.text) for __rt_SIGRTMEM_inner
    _get_argv_nomalloc.o(.text) refers (Special) to hrguard.o(.text) for __heap_region$guard
    _get_argv_nomalloc.o(.text) refers to defsig_rtmem_outer.o(.text) for __rt_SIGRTMEM
    _get_argv_nomalloc.o(.text) refers to sys_command.o(.text) for _sys_command_string
    libshutdown.o(.ARM.Collect$$libshutdown$$00000000) refers (Special) to libshutdown2.o(.ARM.Collect$$libshutdown$$00000002) for __rt_lib_shutdown_cpp_1
    libshutdown.o(.ARM.Collect$$libshutdown$$00000000) refers (Special) to libshutdown2.o(.ARM.Collect$$libshutdown$$00000007) for __rt_lib_shutdown_fp_trap_1
    libshutdown.o(.ARM.Collect$$libshutdown$$00000000) refers (Special) to libshutdown2.o(.ARM.Collect$$libshutdown$$0000000F) for __rt_lib_shutdown_heap_1
    libshutdown.o(.ARM.Collect$$libshutdown$$00000000) refers (Special) to libshutdown2.o(.ARM.Collect$$libshutdown$$00000010) for __rt_lib_shutdown_return
    libshutdown.o(.ARM.Collect$$libshutdown$$00000000) refers (Special) to libshutdown2.o(.ARM.Collect$$libshutdown$$0000000A) for __rt_lib_shutdown_signal_1
    libshutdown.o(.ARM.Collect$$libshutdown$$00000000) refers (Special) to libshutdown2.o(.ARM.Collect$$libshutdown$$00000004) for __rt_lib_shutdown_stdio_1
    libshutdown.o(.ARM.Collect$$libshutdown$$00000000) refers (Special) to libshutdown2.o(.ARM.Collect$$libshutdown$$0000000C) for __rt_lib_shutdown_user_alloc_1
    sys_command.o(.text) refers (Special) to use_no_semi.o(.text) for __I$use$semihosting
    sys_command.o(.text) refers (Special) to indicate_semi.o(.text) for __semihosting_library_function
    sys_command_hlt.o(.text) refers (Special) to use_no_semi.o(.text) for __I$use$semihosting
    sys_command_hlt.o(.text) refers (Special) to indicate_semi.o(.text) for __semihosting_library_function
    defsig_abrt_inner.o(.text) refers to defsig_general.o(.text) for __default_signal_display
    defsig_rtred_inner.o(.text) refers to defsig_general.o(.text) for __default_signal_display
    defsig_rtmem_inner.o(.text) refers to defsig_general.o(.text) for __default_signal_display
    defsig_rtmem_outer.o(.text) refers to defsig_rtmem_inner.o(.text) for __rt_SIGRTMEM_inner
    defsig_rtmem_outer.o(.text) refers to defsig_exit.o(.text) for __sig_exit
    defsig_rtmem_formal.o(.text) refers to rt_raise.o(.text) for __rt_raise
    defsig_stak_inner.o(.text) refers to defsig_general.o(.text) for __default_signal_display
    defsig_pvfn_inner.o(.text) refers to defsig_general.o(.text) for __default_signal_display
    defsig_cppl_inner.o(.text) refers to defsig_general.o(.text) for __default_signal_display
    defsig_segv_inner.o(.text) refers to defsig_general.o(.text) for __default_signal_display
    defsig_other.o(.text) refers to defsig_general.o(.text) for __default_signal_display


==============================================================================

Removing Unused input sections from the image.

    Removing uart.o(.text), (0 bytes).
    Removing uart.o(.ARM.exidx.text.UART0_Transmit), (8 bytes).
    Removing uart.o(.ARM.exidx.text.UART0_Transmit_ADC_val), (8 bytes).
    Removing uart.o(.ARM.exidx.text.UART0_Initialize), (8 bytes).
    Removing uart.o(.ARM.exidx.text.__NVIC_ClearPendingIRQ), (8 bytes).
    Removing uart.o(.ARM.exidx.text.__NVIC_SetPriority), (8 bytes).
    Removing uart.o(.ARM.exidx.text.__NVIC_EnableIRQ), (8 bytes).
    Removing uart.o(.ARM.exidx.text.UART0_IRQHandler), (8 bytes).
    Removing main.o(.text), (0 bytes).
    Removing main.o(.ARM.exidx.text.main), (8 bytes).
    Removing main.o(.ARM.use_no_argv), (4 bytes).
    Removing utils.o(.text), (0 bytes).
    Removing utils.o(.ARM.exidx.text.msb_to_lsb), (8 bytes).
    Removing utils.o(.ARM.exidx.text.lsb_to_msb), (8 bytes).
    Removing utils.o(.text.invert_data), (18 bytes).
    Removing utils.o(.ARM.exidx.text.invert_data), (8 bytes).
    Removing gpio.o(.text), (0 bytes).
    Removing gpio.o(.ARM.exidx.text.GPIO_change_seq), (8 bytes).
    Removing gpio.o(.ARM.exidx.text.GPIO_start_stop), (8 bytes).
    Removing gpio.o(.ARM.exidx.text.GPIO_change_color), (8 bytes).
    Removing gpio.o(.ARM.exidx.text.GPIO_Init), (8 bytes).
    Removing pit.o(.text), (0 bytes).
    Removing pit.o(.ARM.exidx.text.PIT_Init), (8 bytes).
    Removing pit.o(.ARM.exidx.text.__NVIC_ClearPendingIRQ), (8 bytes).
    Removing pit.o(.ARM.exidx.text.__NVIC_SetPriority), (8 bytes).
    Removing pit.o(.ARM.exidx.text.__NVIC_EnableIRQ), (8 bytes).
    Removing pit.o(.ARM.exidx.text.PIT_IRQHandler), (8 bytes).
    Removing adc.o(.text), (0 bytes).
    Removing adc.o(.ARM.exidx.text.ADC0_Init), (8 bytes).
    Removing adc.o(.ARM.exidx.text.ADC0_Calibrate), (8 bytes).
    Removing adc.o(.ARM.exidx.text.ADC0_Read), (8 bytes).
    Removing adc.o(.ARM.exidx.text.ADC_get_value), (8 bytes).
    Removing clocksettings.o(.text), (0 bytes).
    Removing clocksettings.o(.ARM.exidx.text.SystemClockTick_Configure), (8 bytes).
    Removing clocksettings.o(.ARM.exidx.text.__NVIC_SetPriority), (8 bytes).
    Removing clocksettings.o(.ARM.exidx.text.SysTick_Handler), (8 bytes).
    Removing pwm.o(.text), (0 bytes).
    Removing pwm.o(.ARM.exidx.text.TPM2_Init), (8 bytes).
    Removing pwm.o(.ARM.exidx.text.TPM2_Set_DutyCycle), (8 bytes).
    Removing system_mkl25z4.o(.text), (0 bytes).
    Removing system_mkl25z4.o(.ARM.exidx.text.SystemInit), (8 bytes).
    Removing system_mkl25z4.o(.text.SystemCoreClockUpdate), (556 bytes).
    Removing system_mkl25z4.o(.ARM.exidx.text.SystemCoreClockUpdate), (8 bytes).
    Removing system_mkl25z4.o(.data.SystemCoreClock), (4 bytes).

44 unused section(s) (total 830 bytes) removed from the image.

==============================================================================

Image Symbol Table

    Local Symbols

    Symbol Name                              Value     Ov Type        Size  Object(Section)

    ../clib/angel/boardlib.s                 0x00000000   Number         0  boardinit1.o ABSOLUTE
    ../clib/angel/boardlib.s                 0x00000000   Number         0  boardinit2.o ABSOLUTE
    ../clib/angel/boardlib.s                 0x00000000   Number         0  boardinit3.o ABSOLUTE
    ../clib/angel/boardlib.s                 0x00000000   Number         0  boardshut.o ABSOLUTE
    ../clib/angel/handlers.s                 0x00000000   Number         0  __scatter_copy.o ABSOLUTE
    ../clib/angel/handlers.s                 0x00000000   Number         0  __scatter_zi.o ABSOLUTE
    ../clib/angel/kernel.s                   0x00000000   Number         0  __rtentry.o ABSOLUTE
    ../clib/angel/kernel.s                   0x00000000   Number         0  __rtentry2.o ABSOLUTE
    ../clib/angel/kernel.s                   0x00000000   Number         0  __rtentry4.o ABSOLUTE
    ../clib/angel/kernel.s                   0x00000000   Number         0  rtexit.o ABSOLUTE
    ../clib/angel/kernel.s                   0x00000000   Number         0  rtexit2.o ABSOLUTE
    ../clib/angel/rt.s                       0x00000000   Number         0  aeabi_idiv0.o ABSOLUTE
    ../clib/angel/rt.s                       0x00000000   Number         0  aeabi_idiv0_sigfpe.o ABSOLUTE
    ../clib/angel/rt.s                       0x00000000   Number         0  rt_div0.o ABSOLUTE
    ../clib/angel/rt.s                       0x00000000   Number         0  rt_raise.o ABSOLUTE
    ../clib/angel/scatterp.s                 0x00000000   Number         0  __scatter.o ABSOLUTE
    ../clib/angel/startup.s                  0x00000000   Number         0  __main.o ABSOLUTE
    ../clib/angel/sys.s                      0x00000000   Number         0  sys_stackheap_outer.o ABSOLUTE
    ../clib/angel/sys.s                      0x00000000   Number         0  libspace.o ABSOLUTE
    ../clib/angel/sys.s                      0x00000000   Number         0  tempstk.o ABSOLUTE
    ../clib/angel/sys.s                      0x00000000   Number         0  use_no_semi.o ABSOLUTE
    ../clib/angel/sys.s                      0x00000000   Number         0  indicate_semi.o ABSOLUTE
    ../clib/angel/sysapp.c                   0x00000000   Number         0  sys_exit.o ABSOLUTE
    ../clib/angel/sysapp.c                   0x00000000   Number         0  sys_exit_hlt.o ABSOLUTE
    ../clib/angel/sysapp.c                   0x00000000   Number         0  sys_wrch.o ABSOLUTE
    ../clib/angel/sysapp.c                   0x00000000   Number         0  sys_wrch_hlt.o ABSOLUTE
    ../clib/angel/sysapp.c                   0x00000000   Number         0  sys_command.o ABSOLUTE
    ../clib/angel/sysapp.c                   0x00000000   Number         0  sys_command_hlt.o ABSOLUTE
    ../clib/armsys.c                         0x00000000   Number         0  argv_veneer.o ABSOLUTE
    ../clib/armsys.c                         0x00000000   Number         0  _get_argv_nomalloc.o ABSOLUTE
    ../clib/armsys.c                         0x00000000   Number         0  no_argv.o ABSOLUTE
    ../clib/division.s                       0x00000000   Number         0  aeabi_sdiv.o ABSOLUTE
    ../clib/division.s                       0x00000000   Number         0  aeabi_sdiv_div0.o ABSOLUTE
    ../clib/heapalloc.c                      0x00000000   Number         0  hrguard.o ABSOLUTE
    ../clib/heapaux.c                        0x00000000   Number         0  heapauxi.o ABSOLUTE
    ../clib/libinit.s                        0x00000000   Number         0  libinit.o ABSOLUTE
    ../clib/libinit.s                        0x00000000   Number         0  libinit2.o ABSOLUTE
    ../clib/libinit.s                        0x00000000   Number         0  libshutdown.o ABSOLUTE
    ../clib/libinit.s                        0x00000000   Number         0  libshutdown2.o ABSOLUTE
    ../clib/signal.c                         0x00000000   Number         0  defsig_fpe_outer.o ABSOLUTE
    ../clib/signal.c                         0x00000000   Number         0  defsig_fpe_formal.o ABSOLUTE
    ../clib/signal.c                         0x00000000   Number         0  defsig_exit.o ABSOLUTE
    ../clib/signal.c                         0x00000000   Number         0  defsig_fpe_inner.o ABSOLUTE
    ../clib/signal.c                         0x00000000   Number         0  __raise.o ABSOLUTE
    ../clib/signal.c                         0x00000000   Number         0  defsig_general.o ABSOLUTE
    ../clib/signal.c                         0x00000000   Number         0  defsig_abrt_inner.o ABSOLUTE
    ../clib/signal.c                         0x00000000   Number         0  defsig_rtred_inner.o ABSOLUTE
    ../clib/signal.c                         0x00000000   Number         0  defsig_rtmem_inner.o ABSOLUTE
    ../clib/signal.c                         0x00000000   Number         0  defsig_rtmem_outer.o ABSOLUTE
    ../clib/signal.c                         0x00000000   Number         0  defsig_rtmem_formal.o ABSOLUTE
    ../clib/signal.c                         0x00000000   Number         0  defsig_stak_inner.o ABSOLUTE
    ../clib/signal.c                         0x00000000   Number         0  defsig_pvfn_inner.o ABSOLUTE
    ../clib/signal.c                         0x00000000   Number         0  defsig_cppl_inner.o ABSOLUTE
    ../clib/signal.c                         0x00000000   Number         0  defsig_segv_inner.o ABSOLUTE
    ../clib/signal.c                         0x00000000   Number         0  defsig_other.o ABSOLUTE
    ../clib/signal.s                         0x00000000   Number         0  defsig.o ABSOLUTE
    ../clib/stdlib.c                         0x00000000   Number         0  exit.o ABSOLUTE
    ../fplib/cfplib/fdiv.c                   0x00000000   Number         0  fdiv.o ABSOLUTE
    ../fplib/cfplib/ffix.c                   0x00000000   Number         0  ffixi.o ABSOLUTE
    ../fplib/cfplib/fflt.c                   0x00000000   Number         0  fflti.o ABSOLUTE
    ../fplib/cfplib/fpinit.c                 0x00000000   Number         0  fpinit.o ABSOLUTE
    ../fplib/fmul6m.s                        0x00000000   Number         0  fmul.o ABSOLUTE
    ../fplib/usenofp.s                       0x00000000   Number         0  usenofp.o ABSOLUTE
    Adc.c                                    0x00000000   Number         0  adc.o ABSOLUTE
    ClockSettings.c                          0x00000000   Number         0  clocksettings.o ABSOLUTE
    Pwm.c                                    0x00000000   Number         0  pwm.o ABSOLUTE
    RTE/Device/MKL25Z128xxx4/startup_MKL25Z4.s 0x00000000   Number         0  startup_mkl25z4.o ABSOLUTE
    dc.s                                     0x00000000   Number         0  dc.o ABSOLUTE
    gpio.c                                   0x00000000   Number         0  gpio.o ABSOLUTE
    main.c                                   0x00000000   Number         0  main.o ABSOLUTE
    pit.c                                    0x00000000   Number         0  pit.o ABSOLUTE
    system_MKL25Z4.c                         0x00000000   Number         0  system_mkl25z4.o ABSOLUTE
    uart.c                                   0x00000000   Number         0  uart.o ABSOLUTE
    utils.c                                  0x00000000   Number         0  utils.o ABSOLUTE
    RESET                                    0x00000000   Section      192  startup_mkl25z4.o(RESET)
    !!!main                                  0x000000c0   Section        8  __main.o(!!!main)
    !!!scatter                               0x000000c8   Section       84  __scatter.o(!!!scatter)
    !!handler_copy                           0x0000011c   Section       26  __scatter_copy.o(!!handler_copy)
    !!handler_null                           0x00000138   Section        2  __scatter.o(!!handler_null)
    !!handler_zi                             0x0000013c   Section       28  __scatter_zi.o(!!handler_zi)
    .ARM.Collect$$libinit$$00000000          0x00000158   Section        2  libinit.o(.ARM.Collect$$libinit$$00000000)
    .ARM.Collect$$libinit$$00000002          0x0000015a   Section        0  libinit2.o(.ARM.Collect$$libinit$$00000002)
    .ARM.Collect$$libinit$$00000004          0x0000015a   Section        0  libinit2.o(.ARM.Collect$$libinit$$00000004)
    .ARM.Collect$$libinit$$00000006          0x0000015a   Section        0  libinit2.o(.ARM.Collect$$libinit$$00000006)
    .ARM.Collect$$libinit$$0000000C          0x0000015a   Section        0  libinit2.o(.ARM.Collect$$libinit$$0000000C)
    .ARM.Collect$$libinit$$0000000E          0x0000015a   Section        0  libinit2.o(.ARM.Collect$$libinit$$0000000E)
    .ARM.Collect$$libinit$$00000010          0x0000015a   Section        0  libinit2.o(.ARM.Collect$$libinit$$00000010)
    .ARM.Collect$$libinit$$00000013          0x0000015a   Section        0  libinit2.o(.ARM.Collect$$libinit$$00000013)
    .ARM.Collect$$libinit$$00000015          0x0000015a   Section        0  libinit2.o(.ARM.Collect$$libinit$$00000015)
    .ARM.Collect$$libinit$$00000017          0x0000015a   Section        0  libinit2.o(.ARM.Collect$$libinit$$00000017)
    .ARM.Collect$$libinit$$00000019          0x0000015a   Section        0  libinit2.o(.ARM.Collect$$libinit$$00000019)
    .ARM.Collect$$libinit$$0000001B          0x0000015a   Section        0  libinit2.o(.ARM.Collect$$libinit$$0000001B)
    .ARM.Collect$$libinit$$0000001D          0x0000015a   Section        0  libinit2.o(.ARM.Collect$$libinit$$0000001D)
    .ARM.Collect$$libinit$$0000001F          0x0000015a   Section        0  libinit2.o(.ARM.Collect$$libinit$$0000001F)
    .ARM.Collect$$libinit$$00000021          0x0000015a   Section        0  libinit2.o(.ARM.Collect$$libinit$$00000021)
    .ARM.Collect$$libinit$$00000023          0x0000015a   Section        0  libinit2.o(.ARM.Collect$$libinit$$00000023)
    .ARM.Collect$$libinit$$00000025          0x0000015a   Section        0  libinit2.o(.ARM.Collect$$libinit$$00000025)
    .ARM.Collect$$libinit$$00000027          0x0000015a   Section        0  libinit2.o(.ARM.Collect$$libinit$$00000027)
    .ARM.Collect$$libinit$$0000002E          0x0000015a   Section        0  libinit2.o(.ARM.Collect$$libinit$$0000002E)
    .ARM.Collect$$libinit$$00000030          0x0000015a   Section        0  libinit2.o(.ARM.Collect$$libinit$$00000030)
    .ARM.Collect$$libinit$$00000032          0x0000015a   Section        0  libinit2.o(.ARM.Collect$$libinit$$00000032)
    .ARM.Collect$$libinit$$00000034          0x0000015a   Section        0  libinit2.o(.ARM.Collect$$libinit$$00000034)
    .ARM.Collect$$libinit$$00000035          0x0000015a   Section        2  libinit2.o(.ARM.Collect$$libinit$$00000035)
    .ARM.Collect$$libshutdown$$00000000      0x0000015c   Section        2  libshutdown.o(.ARM.Collect$$libshutdown$$00000000)
    .ARM.Collect$$libshutdown$$00000002      0x0000015e   Section        0  libshutdown2.o(.ARM.Collect$$libshutdown$$00000002)
    .ARM.Collect$$libshutdown$$00000004      0x0000015e   Section        0  libshutdown2.o(.ARM.Collect$$libshutdown$$00000004)
    .ARM.Collect$$libshutdown$$00000007      0x0000015e   Section        0  libshutdown2.o(.ARM.Collect$$libshutdown$$00000007)
    .ARM.Collect$$libshutdown$$0000000A      0x0000015e   Section        0  libshutdown2.o(.ARM.Collect$$libshutdown$$0000000A)
    .ARM.Collect$$libshutdown$$0000000C      0x0000015e   Section        0  libshutdown2.o(.ARM.Collect$$libshutdown$$0000000C)
    .ARM.Collect$$libshutdown$$0000000F      0x0000015e   Section        0  libshutdown2.o(.ARM.Collect$$libshutdown$$0000000F)
    .ARM.Collect$$libshutdown$$00000010      0x0000015e   Section        2  libshutdown2.o(.ARM.Collect$$libshutdown$$00000010)
    .ARM.Collect$$rtentry$$00000000          0x00000160   Section        0  __rtentry.o(.ARM.Collect$$rtentry$$00000000)
    .ARM.Collect$$rtentry$$00000002          0x00000160   Section        0  __rtentry2.o(.ARM.Collect$$rtentry$$00000002)
    .ARM.Collect$$rtentry$$00000004          0x00000160   Section        6  __rtentry4.o(.ARM.Collect$$rtentry$$00000004)
    .ARM.Collect$$rtentry$$00000009          0x00000166   Section        0  __rtentry2.o(.ARM.Collect$$rtentry$$00000009)
    .ARM.Collect$$rtentry$$0000000A          0x00000166   Section        4  __rtentry2.o(.ARM.Collect$$rtentry$$0000000A)
    .ARM.Collect$$rtentry$$0000000C          0x0000016a   Section        0  __rtentry2.o(.ARM.Collect$$rtentry$$0000000C)
    .ARM.Collect$$rtentry$$0000000D          0x0000016a   Section        8  __rtentry2.o(.ARM.Collect$$rtentry$$0000000D)
    .ARM.Collect$$rtexit$$00000000           0x00000172   Section        2  rtexit.o(.ARM.Collect$$rtexit$$00000000)
    .ARM.Collect$$rtexit$$00000002           0x00000174   Section        0  rtexit2.o(.ARM.Collect$$rtexit$$00000002)
    .ARM.Collect$$rtexit$$00000003           0x00000174   Section        4  rtexit2.o(.ARM.Collect$$rtexit$$00000003)
    .ARM.Collect$$rtexit$$00000004           0x00000178   Section        6  rtexit2.o(.ARM.Collect$$rtexit$$00000004)
    .text                                    0x00000180   Section       64  startup_mkl25z4.o(.text)
    .text                                    0x000001c0   Section      364  aeabi_sdiv.o(.text)
    .text                                    0x0000032c   Section        0  heapauxi.o(.text)
    .text                                    0x00000332   Section        0  ffixi.o(.text)
    .text                                    0x0000037e   Section        0  fflti.o(.text)
    .text                                    0x000003dc   Section        0  exit.o(.text)
    .text                                    0x000003ec   Section        8  libspace.o(.text)
    .text                                    0x000003f4   Section        0  sys_exit.o(.text)
    .ARM.__at_0x400                          0x00000400   Section       16  startup_mkl25z4.o(.ARM.__at_0x400)
    .text                                    0x00000410   Section        0  fdiv.o(.text)
    .text                                    0x00000570   Section       62  sys_stackheap_outer.o(.text)
    .text                                    0x000005ae   Section        2  use_no_semi.o(.text)
    [Anonymous Symbol]                       0x000005b0   Section        0  adc.o(.text.ADC0_Calibrate)
    .text                                    0x000005b0   Section        0  indicate_semi.o(.text)
    __arm_cp.1_1                             0x000006bc   Number         4  adc.o(.text.ADC0_Calibrate)
    __arm_cp.1_4                             0x000006c0   Number         4  adc.o(.text.ADC0_Calibrate)
    __arm_cp.1_5                             0x000006c4   Number         4  adc.o(.text.ADC0_Calibrate)
    __arm_cp.1_6                             0x000006c8   Number         4  adc.o(.text.ADC0_Calibrate)
    __arm_cp.1_7                             0x000006cc   Number         4  adc.o(.text.ADC0_Calibrate)
    __arm_cp.1_8                             0x000006d0   Number         4  adc.o(.text.ADC0_Calibrate)
    __arm_cp.1_9                             0x000006d4   Number         4  adc.o(.text.ADC0_Calibrate)
    __arm_cp.1_10                            0x000006d8   Number         4  adc.o(.text.ADC0_Calibrate)
    __arm_cp.1_11                            0x000006dc   Number         4  adc.o(.text.ADC0_Calibrate)
    __arm_cp.1_12                            0x000006e0   Number         4  adc.o(.text.ADC0_Calibrate)
    __arm_cp.1_13                            0x000006e4   Number         4  adc.o(.text.ADC0_Calibrate)
    __arm_cp.1_14                            0x000006e8   Number         4  adc.o(.text.ADC0_Calibrate)
    __arm_cp.1_15                            0x000006ec   Number         4  adc.o(.text.ADC0_Calibrate)
    __arm_cp.1_16                            0x000006f0   Number         4  adc.o(.text.ADC0_Calibrate)
    __arm_cp.1_17                            0x000006f4   Number         4  adc.o(.text.ADC0_Calibrate)
    [Anonymous Symbol]                       0x000006f8   Section        0  adc.o(.text.ADC0_Init)
    __arm_cp.0_1                             0x00000734   Number         4  adc.o(.text.ADC0_Init)
    __arm_cp.0_3                             0x00000738   Number         4  adc.o(.text.ADC0_Init)
    [Anonymous Symbol]                       0x0000073c   Section        0  adc.o(.text.ADC0_Read)
    __arm_cp.2_0                             0x0000075c   Number         4  adc.o(.text.ADC0_Read)
    __arm_cp.2_1                             0x00000760   Number         4  adc.o(.text.ADC0_Read)
    [Anonymous Symbol]                       0x00000764   Section        0  adc.o(.text.ADC_get_value)
    __arm_cp.3_0                             0x00000798   Number         4  adc.o(.text.ADC_get_value)
    __arm_cp.3_1                             0x0000079c   Number         4  adc.o(.text.ADC_get_value)
    [Anonymous Symbol]                       0x000007a0   Section        0  gpio.o(.text.GPIO_Init)
    __arm_cp.3_0                             0x0000081c   Number         4  gpio.o(.text.GPIO_Init)
    __arm_cp.3_1                             0x00000820   Number         4  gpio.o(.text.GPIO_Init)
    __arm_cp.3_2                             0x00000824   Number         4  gpio.o(.text.GPIO_Init)
    __arm_cp.3_3                             0x00000828   Number         4  gpio.o(.text.GPIO_Init)
    __arm_cp.3_4                             0x0000082c   Number         4  gpio.o(.text.GPIO_Init)
    __arm_cp.3_5                             0x00000830   Number         4  gpio.o(.text.GPIO_Init)
    __arm_cp.3_6                             0x00000834   Number         4  gpio.o(.text.GPIO_Init)
    [Anonymous Symbol]                       0x00000838   Section        0  gpio.o(.text.GPIO_change_color)
    __arm_cp.2_3                             0x000009a0   Number         4  gpio.o(.text.GPIO_change_color)
    __arm_cp.2_4                             0x000009a4   Number         4  gpio.o(.text.GPIO_change_color)
    [Anonymous Symbol]                       0x000009a8   Section        0  gpio.o(.text.GPIO_change_seq)
    __arm_cp.0_0                             0x000009d0   Number         4  gpio.o(.text.GPIO_change_seq)
    __arm_cp.0_1                             0x000009d4   Number         4  gpio.o(.text.GPIO_change_seq)
    [Anonymous Symbol]                       0x000009d8   Section        0  gpio.o(.text.GPIO_start_stop)
    __arm_cp.1_0                             0x00000a14   Number         4  gpio.o(.text.GPIO_start_stop)
    __arm_cp.1_1                             0x00000a18   Number         4  gpio.o(.text.GPIO_start_stop)
    __arm_cp.1_2                             0x00000a1c   Number         4  gpio.o(.text.GPIO_start_stop)
    [Anonymous Symbol]                       0x00000a20   Section        0  pit.o(.text.PIT_IRQHandler)
    __arm_cp.4_0                             0x00000a40   Number         4  pit.o(.text.PIT_IRQHandler)
    [Anonymous Symbol]                       0x00000a44   Section        0  pit.o(.text.PIT_Init)
    __arm_cp.0_0                             0x00000a94   Number         4  pit.o(.text.PIT_Init)
    __arm_cp.0_1                             0x00000a98   Number         4  pit.o(.text.PIT_Init)
    __arm_cp.0_2                             0x00000a9c   Number         4  pit.o(.text.PIT_Init)
    __arm_cp.0_3                             0x00000aa0   Number         4  pit.o(.text.PIT_Init)
    __arm_cp.0_4                             0x00000aa4   Number         4  pit.o(.text.PIT_Init)
    [Anonymous Symbol]                       0x00000aa8   Section        0  clocksettings.o(.text.SysTick_Handler)
    __arm_cp.2_0                             0x00000b48   Number         4  clocksettings.o(.text.SysTick_Handler)
    __arm_cp.2_1                             0x00000b4c   Number         4  clocksettings.o(.text.SysTick_Handler)
    __arm_cp.2_2                             0x00000b50   Number         4  clocksettings.o(.text.SysTick_Handler)
    __arm_cp.2_3                             0x00000b54   Number         4  clocksettings.o(.text.SysTick_Handler)
    __arm_cp.2_4                             0x00000b58   Number         4  clocksettings.o(.text.SysTick_Handler)
    __arm_cp.2_5                             0x00000b5c   Number         4  clocksettings.o(.text.SysTick_Handler)
    __arm_cp.2_6                             0x00000b60   Number         4  clocksettings.o(.text.SysTick_Handler)
    __arm_cp.2_7                             0x00000b64   Number         4  clocksettings.o(.text.SysTick_Handler)
    __arm_cp.2_8                             0x00000b68   Number         4  clocksettings.o(.text.SysTick_Handler)
    __arm_cp.2_9                             0x00000b6c   Number         4  clocksettings.o(.text.SysTick_Handler)
    [Anonymous Symbol]                       0x00000b70   Section        0  clocksettings.o(.text.SystemClockTick_Configure)
    __arm_cp.0_0                             0x00000b9c   Number         4  clocksettings.o(.text.SystemClockTick_Configure)
    __arm_cp.0_1                             0x00000ba0   Number         4  clocksettings.o(.text.SystemClockTick_Configure)
    __arm_cp.0_2                             0x00000ba4   Number         4  clocksettings.o(.text.SystemClockTick_Configure)
    __arm_cp.0_3                             0x00000ba8   Number         4  clocksettings.o(.text.SystemClockTick_Configure)
    [Anonymous Symbol]                       0x00000bac   Section        0  system_mkl25z4.o(.text.SystemInit)
    __arm_cp.0_0                             0x00000bb4   Number         4  system_mkl25z4.o(.text.SystemInit)
    [Anonymous Symbol]                       0x00000bb8   Section        0  pwm.o(.text.TPM2_Init)
    __arm_cp.0_1                             0x00000c08   Number         4  pwm.o(.text.TPM2_Init)
    __arm_cp.0_3                             0x00000c0c   Number         4  pwm.o(.text.TPM2_Init)
    __arm_cp.0_4                             0x00000c10   Number         4  pwm.o(.text.TPM2_Init)
    __arm_cp.0_5                             0x00000c14   Number         4  pwm.o(.text.TPM2_Init)
    [Anonymous Symbol]                       0x00000c18   Section        0  pwm.o(.text.TPM2_Set_DutyCycle)
    __arm_cp.1_0                             0x00000c74   Number         4  pwm.o(.text.TPM2_Set_DutyCycle)
    __arm_cp.1_1                             0x00000c78   Number         4  pwm.o(.text.TPM2_Set_DutyCycle)
    __arm_cp.1_2                             0x00000c7c   Number         4  pwm.o(.text.TPM2_Set_DutyCycle)
    __arm_cp.1_3                             0x00000c80   Number         4  pwm.o(.text.TPM2_Set_DutyCycle)
    __arm_cp.1_4                             0x00000c84   Number         4  pwm.o(.text.TPM2_Set_DutyCycle)
    __arm_cp.1_5                             0x00000c88   Number         4  pwm.o(.text.TPM2_Set_DutyCycle)
    [Anonymous Symbol]                       0x00000c8c   Section        0  uart.o(.text.UART0_IRQHandler)
    [Anonymous Symbol]                       0x00000d14   Section        0  uart.o(.text.UART0_Initialize)
    __arm_cp.2_0                             0x00000dcc   Number         4  uart.o(.text.UART0_Initialize)
    __arm_cp.2_1                             0x00000dd0   Number         4  uart.o(.text.UART0_Initialize)
    __arm_cp.2_2                             0x00000dd4   Number         4  uart.o(.text.UART0_Initialize)
    __arm_cp.2_3                             0x00000dd8   Number         4  uart.o(.text.UART0_Initialize)
    __arm_cp.2_4                             0x00000ddc   Number         4  uart.o(.text.UART0_Initialize)
    __arm_cp.2_5                             0x00000de0   Number         4  uart.o(.text.UART0_Initialize)
    __arm_cp.2_6                             0x00000de4   Number         4  uart.o(.text.UART0_Initialize)
    __arm_cp.2_7                             0x00000de8   Number         4  uart.o(.text.UART0_Initialize)
    __arm_cp.2_8                             0x00000dec   Number         4  uart.o(.text.UART0_Initialize)
    __arm_cp.2_9                             0x00000df0   Number         4  uart.o(.text.UART0_Initialize)
    __arm_cp.2_10                            0x00000df4   Number         4  uart.o(.text.UART0_Initialize)
    __arm_cp.2_11                            0x00000df8   Number         4  uart.o(.text.UART0_Initialize)
    __arm_cp.2_12                            0x00000dfc   Number         4  uart.o(.text.UART0_Initialize)
    __arm_cp.2_13                            0x00000e00   Number         4  uart.o(.text.UART0_Initialize)
    [Anonymous Symbol]                       0x00000e04   Section        0  uart.o(.text.UART0_Transmit)
    __arm_cp.0_0                             0x00000e8c   Number         4  uart.o(.text.UART0_Transmit)
    __arm_cp.0_1                             0x00000e90   Number         4  uart.o(.text.UART0_Transmit)
    __arm_cp.0_2                             0x00000e94   Number         4  uart.o(.text.UART0_Transmit)
    __arm_cp.0_3                             0x00000e98   Number         4  uart.o(.text.UART0_Transmit)
    __arm_cp.0_4                             0x00000e9c   Number         4  uart.o(.text.UART0_Transmit)
    [Anonymous Symbol]                       0x00000ea0   Section        0  uart.o(.text.UART0_Transmit_ADC_val)
    __NVIC_ClearPendingIRQ                   0x00000f19   Thumb Code    40  uart.o(.text.__NVIC_ClearPendingIRQ)
    [Anonymous Symbol]                       0x00000f18   Section        0  uart.o(.text.__NVIC_ClearPendingIRQ)
    __NVIC_ClearPendingIRQ                   0x00000f41   Thumb Code    40  pit.o(.text.__NVIC_ClearPendingIRQ)
    [Anonymous Symbol]                       0x00000f40   Section        0  pit.o(.text.__NVIC_ClearPendingIRQ)
    __arm_cp.1_0                             0x00000f68   Number         4  pit.o(.text.__NVIC_ClearPendingIRQ)
    __NVIC_EnableIRQ                         0x00000f6d   Thumb Code    40  uart.o(.text.__NVIC_EnableIRQ)
    [Anonymous Symbol]                       0x00000f6c   Section        0  uart.o(.text.__NVIC_EnableIRQ)
    __NVIC_EnableIRQ                         0x00000f95   Thumb Code    40  pit.o(.text.__NVIC_EnableIRQ)
    [Anonymous Symbol]                       0x00000f94   Section        0  pit.o(.text.__NVIC_EnableIRQ)
    __arm_cp.3_0                             0x00000fbc   Number         4  pit.o(.text.__NVIC_EnableIRQ)
    __NVIC_SetPriority                       0x00000fc1   Thumb Code   124  uart.o(.text.__NVIC_SetPriority)
    [Anonymous Symbol]                       0x00000fc0   Section        0  uart.o(.text.__NVIC_SetPriority)
    __NVIC_SetPriority                       0x0000103d   Thumb Code   124  pit.o(.text.__NVIC_SetPriority)
    [Anonymous Symbol]                       0x0000103c   Section        0  pit.o(.text.__NVIC_SetPriority)
    __NVIC_SetPriority                       0x000010b9   Thumb Code   124  clocksettings.o(.text.__NVIC_SetPriority)
    [Anonymous Symbol]                       0x000010b8   Section        0  clocksettings.o(.text.__NVIC_SetPriority)
    __arm_cp.1_0                             0x00001134   Number         4  clocksettings.o(.text.__NVIC_SetPriority)
    __arm_cp.1_1                             0x00001138   Number         4  clocksettings.o(.text.__NVIC_SetPriority)
    [Anonymous Symbol]                       0x0000113c   Section        0  utils.o(.text.lsb_to_msb)
    [Anonymous Symbol]                       0x00001188   Section        0  main.o(.text.main)
    __arm_cp.0_0                             0x000011dc   Number         4  main.o(.text.main)
    [Anonymous Symbol]                       0x000011e0   Section        0  utils.o(.text.msb_to_lsb)
    x$fpl$fmul                               0x0000122c   Section      176  fmul.o(x$fpl$fmul)
    fdiv_tab                                 0x000012dc   Data          64  fdiv.o(.constdata)
    .constdata                               0x000012dc   Section       64  fdiv.o(.constdata)
    x$fpl$usenofp                            0x000012dc   Section        0  usenofp.o(x$fpl$usenofp)
    .bss                                     0x1ffff020   Section       96  libspace.o(.bss)
    Heap_Mem                                 0x1ffff098   Data           0  startup_mkl25z4.o(HEAP)
    Stack_Mem                                0x1ffff098   Data         256  startup_mkl25z4.o(STACK)
    HEAP                                     0x1ffff098   Section        0  startup_mkl25z4.o(HEAP)
    STACK                                    0x1ffff098   Section      256  startup_mkl25z4.o(STACK)
    __initial_sp                             0x1ffff198   Data           0  startup_mkl25z4.o(STACK)

    Global Symbols

    Symbol Name                              Value     Ov Type        Size  Object(Section)

    BuildAttributes$$THM_ISAv3M$S$PE$A:L22$X:L11$S22$IEEE1$IW$~IW$USESV6$~STKCKD$USESV7$~SHL$OSPACE$ROPI$EBA8$UX$STANDARDLIB$REQ8$PRES8$EABIv2 0x00000000   Number         0  anon$$obj.o ABSOLUTE
    __Vectors                                0x00000000   Data           4  startup_mkl25z4.o(RESET)
    __ARM_exceptions_init                     - Undefined Weak Reference
    __alloca_initialize                       - Undefined Weak Reference
    __arm_preinit_                            - Undefined Weak Reference
    __arm_relocate_pie_                       - Undefined Weak Reference
    __cpp_initialize__aeabi_                  - Undefined Weak Reference
    __cxa_finalize                            - Undefined Weak Reference
    __rt_locale                               - Undefined Weak Reference
    __sigvec_lookup                           - Undefined Weak Reference
    _atexit_init                              - Undefined Weak Reference
    _call_atexit_fns                          - Undefined Weak Reference
    _clock_init                               - Undefined Weak Reference
    _fp_trap_init                             - Undefined Weak Reference
    _fp_trap_shutdown                         - Undefined Weak Reference
    _get_lc_collate                           - Undefined Weak Reference
    _get_lc_ctype                             - Undefined Weak Reference
    _get_lc_monetary                          - Undefined Weak Reference
    _get_lc_numeric                           - Undefined Weak Reference
    _get_lc_time                              - Undefined Weak Reference
    _getenv_init                              - Undefined Weak Reference
    _handle_redirection                       - Undefined Weak Reference
    _init_alloc                               - Undefined Weak Reference
    _init_user_alloc                          - Undefined Weak Reference
    _initio                                   - Undefined Weak Reference
    _rand_init                                - Undefined Weak Reference
    _signal_finish                            - Undefined Weak Reference
    _signal_init                              - Undefined Weak Reference
    _terminate_alloc                          - Undefined Weak Reference
    _terminate_user_alloc                     - Undefined Weak Reference
    _terminateio                              - Undefined Weak Reference
    __Vectors_End                            0x000000c0   Data           0  startup_mkl25z4.o(RESET)
    __Vectors_Size                           0x000000c0   Number         0  startup_mkl25z4.o ABSOLUTE
    __main                                   0x000000c1   Thumb Code     8  __main.o(!!!main)
    __scatterload                            0x000000c9   Thumb Code     0  __scatter.o(!!!scatter)
    __scatterload_rt2                        0x000000c9   Thumb Code    74  __scatter.o(!!!scatter)
    __scatterload_rt2_thumb_only             0x000000c9   Thumb Code     0  __scatter.o(!!!scatter)
    __scatterload_loop                       0x000000d3   Thumb Code     0  __scatter.o(!!!scatter)
    __scatterload_copy                       0x0000011d   Thumb Code    26  __scatter_copy.o(!!handler_copy)
    __scatterload_null                       0x00000139   Thumb Code     2  __scatter.o(!!handler_null)
    __scatterload_zeroinit                   0x0000013d   Thumb Code    28  __scatter_zi.o(!!handler_zi)
    __rt_lib_init                            0x00000159   Thumb Code     0  libinit.o(.ARM.Collect$$libinit$$00000000)
    __rt_lib_init_alloca_1                   0x0000015b   Thumb Code     0  libinit2.o(.ARM.Collect$$libinit$$00000030)
    __rt_lib_init_argv_1                     0x0000015b   Thumb Code     0  libinit2.o(.ARM.Collect$$libinit$$0000002E)
    __rt_lib_init_atexit_1                   0x0000015b   Thumb Code     0  libinit2.o(.ARM.Collect$$libinit$$0000001D)
    __rt_lib_init_clock_1                    0x0000015b   Thumb Code     0  libinit2.o(.ARM.Collect$$libinit$$00000023)
    __rt_lib_init_cpp_1                      0x0000015b   Thumb Code     0  libinit2.o(.ARM.Collect$$libinit$$00000034)
    __rt_lib_init_exceptions_1               0x0000015b   Thumb Code     0  libinit2.o(.ARM.Collect$$libinit$$00000032)
    __rt_lib_init_fp_1                       0x0000015b   Thumb Code     0  libinit2.o(.ARM.Collect$$libinit$$00000002)
    __rt_lib_init_fp_trap_1                  0x0000015b   Thumb Code     0  libinit2.o(.ARM.Collect$$libinit$$00000021)
    __rt_lib_init_getenv_1                   0x0000015b   Thumb Code     0  libinit2.o(.ARM.Collect$$libinit$$00000025)
    __rt_lib_init_heap_1                     0x0000015b   Thumb Code     0  libinit2.o(.ARM.Collect$$libinit$$0000000C)
    __rt_lib_init_lc_collate_1               0x0000015b   Thumb Code     0  libinit2.o(.ARM.Collect$$libinit$$00000013)
    __rt_lib_init_lc_ctype_1                 0x0000015b   Thumb Code     0  libinit2.o(.ARM.Collect$$libinit$$00000015)
    __rt_lib_init_lc_monetary_1              0x0000015b   Thumb Code     0  libinit2.o(.ARM.Collect$$libinit$$00000017)
    __rt_lib_init_lc_numeric_1               0x0000015b   Thumb Code     0  libinit2.o(.ARM.Collect$$libinit$$00000019)
    __rt_lib_init_lc_time_1                  0x0000015b   Thumb Code     0  libinit2.o(.ARM.Collect$$libinit$$0000001B)
    __rt_lib_init_preinit_1                  0x0000015b   Thumb Code     0  libinit2.o(.ARM.Collect$$libinit$$00000006)
    __rt_lib_init_rand_1                     0x0000015b   Thumb Code     0  libinit2.o(.ARM.Collect$$libinit$$00000010)
    __rt_lib_init_relocate_pie_1             0x0000015b   Thumb Code     0  libinit2.o(.ARM.Collect$$libinit$$00000004)
    __rt_lib_init_return                     0x0000015b   Thumb Code     0  libinit2.o(.ARM.Collect$$libinit$$00000035)
    __rt_lib_init_signal_1                   0x0000015b   Thumb Code     0  libinit2.o(.ARM.Collect$$libinit$$0000001F)
    __rt_lib_init_stdio_1                    0x0000015b   Thumb Code     0  libinit2.o(.ARM.Collect$$libinit$$00000027)
    __rt_lib_init_user_alloc_1               0x0000015b   Thumb Code     0  libinit2.o(.ARM.Collect$$libinit$$0000000E)
    __rt_lib_shutdown                        0x0000015d   Thumb Code     0  libshutdown.o(.ARM.Collect$$libshutdown$$00000000)
    __rt_lib_shutdown_cpp_1                  0x0000015f   Thumb Code     0  libshutdown2.o(.ARM.Collect$$libshutdown$$00000002)
    __rt_lib_shutdown_fp_trap_1              0x0000015f   Thumb Code     0  libshutdown2.o(.ARM.Collect$$libshutdown$$00000007)
    __rt_lib_shutdown_heap_1                 0x0000015f   Thumb Code     0  libshutdown2.o(.ARM.Collect$$libshutdown$$0000000F)
    __rt_lib_shutdown_return                 0x0000015f   Thumb Code     0  libshutdown2.o(.ARM.Collect$$libshutdown$$00000010)
    __rt_lib_shutdown_signal_1               0x0000015f   Thumb Code     0  libshutdown2.o(.ARM.Collect$$libshutdown$$0000000A)
    __rt_lib_shutdown_stdio_1                0x0000015f   Thumb Code     0  libshutdown2.o(.ARM.Collect$$libshutdown$$00000004)
    __rt_lib_shutdown_user_alloc_1           0x0000015f   Thumb Code     0  libshutdown2.o(.ARM.Collect$$libshutdown$$0000000C)
    __rt_entry                               0x00000161   Thumb Code     0  __rtentry.o(.ARM.Collect$$rtentry$$00000000)
    __rt_entry_presh_1                       0x00000161   Thumb Code     0  __rtentry2.o(.ARM.Collect$$rtentry$$00000002)
    __rt_entry_sh                            0x00000161   Thumb Code     0  __rtentry4.o(.ARM.Collect$$rtentry$$00000004)
    __rt_entry_li                            0x00000167   Thumb Code     0  __rtentry2.o(.ARM.Collect$$rtentry$$0000000A)
    __rt_entry_postsh_1                      0x00000167   Thumb Code     0  __rtentry2.o(.ARM.Collect$$rtentry$$00000009)
    __rt_entry_main                          0x0000016b   Thumb Code     0  __rtentry2.o(.ARM.Collect$$rtentry$$0000000D)
    __rt_entry_postli_1                      0x0000016b   Thumb Code     0  __rtentry2.o(.ARM.Collect$$rtentry$$0000000C)
    __rt_exit                                0x00000173   Thumb Code     0  rtexit.o(.ARM.Collect$$rtexit$$00000000)
    __rt_exit_ls                             0x00000175   Thumb Code     0  rtexit2.o(.ARM.Collect$$rtexit$$00000003)
    __rt_exit_prels_1                        0x00000175   Thumb Code     0  rtexit2.o(.ARM.Collect$$rtexit$$00000002)
    __rt_exit_exit                           0x00000179   Thumb Code     0  rtexit2.o(.ARM.Collect$$rtexit$$00000004)
    Reset_Handler                            0x00000181   Thumb Code    12  startup_mkl25z4.o(.text)
    NMI_Handler                              0x0000018d   Thumb Code     2  startup_mkl25z4.o(.text)
    HardFault_Handler                        0x0000018f   Thumb Code     2  startup_mkl25z4.o(.text)
    SVC_Handler                              0x00000191   Thumb Code     2  startup_mkl25z4.o(.text)
    PendSV_Handler                           0x00000193   Thumb Code     2  startup_mkl25z4.o(.text)
    ADC0_IRQHandler                          0x00000197   Thumb Code     0  startup_mkl25z4.o(.text)
    CMP0_IRQHandler                          0x00000197   Thumb Code     0  startup_mkl25z4.o(.text)
    DAC0_IRQHandler                          0x00000197   Thumb Code     0  startup_mkl25z4.o(.text)
    DMA0_IRQHandler                          0x00000197   Thumb Code     0  startup_mkl25z4.o(.text)
    DMA1_IRQHandler                          0x00000197   Thumb Code     0  startup_mkl25z4.o(.text)
    DMA2_IRQHandler                          0x00000197   Thumb Code     0  startup_mkl25z4.o(.text)
    DMA3_IRQHandler                          0x00000197   Thumb Code     0  startup_mkl25z4.o(.text)
    DefaultISR                               0x00000197   Thumb Code     0  startup_mkl25z4.o(.text)
    FTFA_IRQHandler                          0x00000197   Thumb Code     0  startup_mkl25z4.o(.text)
    I2C0_IRQHandler                          0x00000197   Thumb Code     0  startup_mkl25z4.o(.text)
    I2C1_IRQHandler                          0x00000197   Thumb Code     0  startup_mkl25z4.o(.text)
    LLWU_IRQHandler                          0x00000197   Thumb Code     0  startup_mkl25z4.o(.text)
    LPTMR0_IRQHandler                        0x00000197   Thumb Code     0  startup_mkl25z4.o(.text)
    LVD_LVW_IRQHandler                       0x00000197   Thumb Code     0  startup_mkl25z4.o(.text)
    MCG_IRQHandler                           0x00000197   Thumb Code     0  startup_mkl25z4.o(.text)
    PORTA_IRQHandler                         0x00000197   Thumb Code     0  startup_mkl25z4.o(.text)
    PORTD_IRQHandler                         0x00000197   Thumb Code     0  startup_mkl25z4.o(.text)
    RTC_IRQHandler                           0x00000197   Thumb Code     0  startup_mkl25z4.o(.text)
    RTC_Seconds_IRQHandler                   0x00000197   Thumb Code     0  startup_mkl25z4.o(.text)
    Reserved20_IRQHandler                    0x00000197   Thumb Code     0  startup_mkl25z4.o(.text)
    Reserved39_IRQHandler                    0x00000197   Thumb Code     0  startup_mkl25z4.o(.text)
    Reserved45_IRQHandler                    0x00000197   Thumb Code     0  startup_mkl25z4.o(.text)
    SPI0_IRQHandler                          0x00000197   Thumb Code     0  startup_mkl25z4.o(.text)
    SPI1_IRQHandler                          0x00000197   Thumb Code     0  startup_mkl25z4.o(.text)
    TPM0_IRQHandler                          0x00000197   Thumb Code     0  startup_mkl25z4.o(.text)
    TPM1_IRQHandler                          0x00000197   Thumb Code     0  startup_mkl25z4.o(.text)
    TPM2_IRQHandler                          0x00000197   Thumb Code     0  startup_mkl25z4.o(.text)
    TSI0_IRQHandler                          0x00000197   Thumb Code     0  startup_mkl25z4.o(.text)
    UART1_IRQHandler                         0x00000197   Thumb Code     0  startup_mkl25z4.o(.text)
    UART2_IRQHandler                         0x00000197   Thumb Code     0  startup_mkl25z4.o(.text)
    USB0_IRQHandler                          0x00000197   Thumb Code     0  startup_mkl25z4.o(.text)
    __user_initial_stackheap                 0x0000019d   Thumb Code     0  startup_mkl25z4.o(.text)
    __aeabi_uidiv                            0x000001c1   Thumb Code     0  aeabi_sdiv.o(.text)
    __aeabi_uidivmod                         0x000001c1   Thumb Code    20  aeabi_sdiv.o(.text)
    __aeabi_idiv                             0x000001d5   Thumb Code     0  aeabi_sdiv.o(.text)
    __aeabi_idivmod                          0x000001d5   Thumb Code   338  aeabi_sdiv.o(.text)
    __use_two_region_memory                  0x0000032d   Thumb Code     2  heapauxi.o(.text)
    __rt_heap_escrow$2region                 0x0000032f   Thumb Code     2  heapauxi.o(.text)
    __rt_heap_expand$2region                 0x00000331   Thumb Code     2  heapauxi.o(.text)
    __aeabi_f2iz                             0x00000333   Thumb Code     0  ffixi.o(.text)
    _ffix                                    0x00000333   Thumb Code    76  ffixi.o(.text)
    __aeabi_i2f_normalise                    0x0000037f   Thumb Code    72  fflti.o(.text)
    __aeabi_i2f                              0x000003c7   Thumb Code    16  fflti.o(.text)
    _fflt                                    0x000003c7   Thumb Code     0  fflti.o(.text)
    __aeabi_ui2f                             0x000003d7   Thumb Code     6  fflti.o(.text)
    _ffltu                                   0x000003d7   Thumb Code     0  fflti.o(.text)
    exit                                     0x000003dd   Thumb Code    16  exit.o(.text)
    __user_libspace                          0x000003ed   Thumb Code     8  libspace.o(.text)
    __user_perproc_libspace                  0x000003ed   Thumb Code     0  libspace.o(.text)
    __user_perthread_libspace                0x000003ed   Thumb Code     0  libspace.o(.text)
    _sys_exit                                0x000003f5   Thumb Code     8  sys_exit.o(.text)
    __aeabi_fdiv                             0x00000411   Thumb Code     0  fdiv.o(.text)
    _fdiv                                    0x00000411   Thumb Code   334  fdiv.o(.text)
    _frdiv                                   0x0000055f   Thumb Code     8  fdiv.o(.text)
    __user_setup_stackheap                   0x00000571   Thumb Code    62  sys_stackheap_outer.o(.text)
    __I$use$semihosting                      0x000005af   Thumb Code     0  use_no_semi.o(.text)
    __use_no_semihosting_swi                 0x000005af   Thumb Code     2  use_no_semi.o(.text)
    ADC0_Calibrate                           0x000005b1   Thumb Code   268  adc.o(.text.ADC0_Calibrate)
    __semihosting_library_function           0x000005b1   Thumb Code     0  indicate_semi.o(.text)
    ADC0_Init                                0x000006f9   Thumb Code    60  adc.o(.text.ADC0_Init)
    ADC0_Read                                0x0000073d   Thumb Code    32  adc.o(.text.ADC0_Read)
    ADC_get_value                            0x00000765   Thumb Code    52  adc.o(.text.ADC_get_value)
    GPIO_Init                                0x000007a1   Thumb Code   124  gpio.o(.text.GPIO_Init)
    GPIO_change_color                        0x00000839   Thumb Code   360  gpio.o(.text.GPIO_change_color)
    GPIO_change_seq                          0x000009a9   Thumb Code    40  gpio.o(.text.GPIO_change_seq)
    GPIO_start_stop                          0x000009d9   Thumb Code    60  gpio.o(.text.GPIO_start_stop)
    PIT_IRQHandler                           0x00000a21   Thumb Code    32  pit.o(.text.PIT_IRQHandler)
    PIT_Init                                 0x00000a45   Thumb Code    80  pit.o(.text.PIT_Init)
    SysTick_Handler                          0x00000aa9   Thumb Code   160  clocksettings.o(.text.SysTick_Handler)
    SystemClockTick_Configure                0x00000b71   Thumb Code    44  clocksettings.o(.text.SystemClockTick_Configure)
    SystemInit                               0x00000bad   Thumb Code     8  system_mkl25z4.o(.text.SystemInit)
    TPM2_Init                                0x00000bb9   Thumb Code    80  pwm.o(.text.TPM2_Init)
    TPM2_Set_DutyCycle                       0x00000c19   Thumb Code    92  pwm.o(.text.TPM2_Set_DutyCycle)
    UART0_IRQHandler                         0x00000c8d   Thumb Code   136  uart.o(.text.UART0_IRQHandler)
    UART0_Initialize                         0x00000d15   Thumb Code   184  uart.o(.text.UART0_Initialize)
    UART0_Transmit                           0x00000e05   Thumb Code   136  uart.o(.text.UART0_Transmit)
    UART0_Transmit_ADC_val                   0x00000ea1   Thumb Code   120  uart.o(.text.UART0_Transmit_ADC_val)
    lsb_to_msb                               0x0000113d   Thumb Code    76  utils.o(.text.lsb_to_msb)
    main                                     0x00001189   Thumb Code    84  main.o(.text.main)
    msb_to_lsb                               0x000011e1   Thumb Code    76  utils.o(.text.msb_to_lsb)
    __aeabi_fmul                             0x0000122d   Thumb Code     0  fmul.o(x$fpl$fmul)
    _fmul                                    0x0000122d   Thumb Code   172  fmul.o(x$fpl$fmul)
    __I$use$fp                               0x000012dc   Number         0  usenofp.o(x$fpl$usenofp)
    Region$$Table$$Base                      0x0000131c   Number         0  anon$$obj.o(Region$$Table)
    Region$$Table$$Limit                     0x0000133c   Number         0  anon$$obj.o(Region$$Table)
    gpio_message                             0x1ffff000   Data          22  uart.o(.data.gpio_message)
    gpio_message_size                        0x1ffff016   Data           1  uart.o(.data.gpio_message_size)
    osr                                      0x1ffff018   Data           2  uart.o(.data.osr)
    start                                    0x1ffff01a   Data           1  gpio.o(.data.start)
    __libspace_start                         0x1ffff020   Data          96  libspace.o(.bss)
    __temporary_stack_top$libspace           0x1ffff080   Data           0  libspace.o(.bss)
    base_tick                                0x1ffff080   Data           2  clocksettings.o(.bss.base_tick)
    flag                                     0x1ffff082   Data           1  gpio.o(.bss.flag)
    flag_100ms                               0x1ffff083   Data           1  clocksettings.o(.bss.flag_100ms)
    flag_1s                                  0x1ffff084   Data           1  clocksettings.o(.bss.flag_1s)
    flag_500ms                               0x1ffff085   Data           1  clocksettings.o(.bss.flag_500ms)
    flag_50ms                                0x1ffff086   Data           1  clocksettings.o(.bss.flag_50ms)
    flag_5s                                  0x1ffff087   Data           1  clocksettings.o(.bss.flag_5s)
    gpio_message_flag                        0x1ffff088   Data           1  uart.o(.bss.gpio_message_flag)
    state                                    0x1ffff089   Data           1  gpio.o(.bss.state)
    tick_100ms                               0x1ffff08a   Data           2  clocksettings.o(.bss.tick_100ms)
    tick_1s                                  0x1ffff08c   Data           2  clocksettings.o(.bss.tick_1s)
    tick_500ms                               0x1ffff08e   Data           2  clocksettings.o(.bss.tick_500ms)
    tick_50ms                                0x1ffff090   Data           2  clocksettings.o(.bss.tick_50ms)



==============================================================================

Memory Map of the image

  Image Entry point : 0x00000181

  Load Region LR_1 (Base: 0x00000000, Size: 0x00001358, Max: 0xffffffff, ABSOLUTE)

    Execution Region ER_RO (Exec base: 0x00000000, Load base: 0x00000000, Size: 0x0000133c, Max: 0xffffffff, ABSOLUTE)

    Exec Addr    Load Addr    Size         Type   Attr      Idx    E Section Name        Object

    0x00000000   0x00000000   0x000000c0   Data   RO          134    RESET               startup_mkl25z4.o
    0x000000c0   0x000000c0   0x00000008   Code   RO          164  * !!!main             c_p.l(__main.o)
    0x000000c8   0x000000c8   0x00000054   Code   RO          351    !!!scatter          c_p.l(__scatter.o)
    0x0000011c   0x0000011c   0x0000001a   Code   RO          355    !!handler_copy      c_p.l(__scatter_copy.o)
    0x00000136   0x00000136   0x00000002   PAD
    0x00000138   0x00000138   0x00000002   Code   RO          352    !!handler_null      c_p.l(__scatter.o)
    0x0000013a   0x0000013a   0x00000002   PAD
    0x0000013c   0x0000013c   0x0000001c   Code   RO          357    !!handler_zi        c_p.l(__scatter_zi.o)
    0x00000158   0x00000158   0x00000002   Code   RO          212    .ARM.Collect$$libinit$$00000000  c_p.l(libinit.o)
    0x0000015a   0x0000015a   0x00000000   Code   RO          226    .ARM.Collect$$libinit$$00000002  c_p.l(libinit2.o)
    0x0000015a   0x0000015a   0x00000000   Code   RO          228    .ARM.Collect$$libinit$$00000004  c_p.l(libinit2.o)
    0x0000015a   0x0000015a   0x00000000   Code   RO          230    .ARM.Collect$$libinit$$00000006  c_p.l(libinit2.o)
    0x0000015a   0x0000015a   0x00000000   Code   RO          233    .ARM.Collect$$libinit$$0000000C  c_p.l(libinit2.o)
    0x0000015a   0x0000015a   0x00000000   Code   RO          235    .ARM.Collect$$libinit$$0000000E  c_p.l(libinit2.o)
    0x0000015a   0x0000015a   0x00000000   Code   RO          237    .ARM.Collect$$libinit$$00000010  c_p.l(libinit2.o)
    0x0000015a   0x0000015a   0x00000000   Code   RO          240    .ARM.Collect$$libinit$$00000013  c_p.l(libinit2.o)
    0x0000015a   0x0000015a   0x00000000   Code   RO          242    .ARM.Collect$$libinit$$00000015  c_p.l(libinit2.o)
    0x0000015a   0x0000015a   0x00000000   Code   RO          244    .ARM.Collect$$libinit$$00000017  c_p.l(libinit2.o)
    0x0000015a   0x0000015a   0x00000000   Code   RO          246    .ARM.Collect$$libinit$$00000019  c_p.l(libinit2.o)
    0x0000015a   0x0000015a   0x00000000   Code   RO          248    .ARM.Collect$$libinit$$0000001B  c_p.l(libinit2.o)
    0x0000015a   0x0000015a   0x00000000   Code   RO          250    .ARM.Collect$$libinit$$0000001D  c_p.l(libinit2.o)
    0x0000015a   0x0000015a   0x00000000   Code   RO          252    .ARM.Collect$$libinit$$0000001F  c_p.l(libinit2.o)
    0x0000015a   0x0000015a   0x00000000   Code   RO          254    .ARM.Collect$$libinit$$00000021  c_p.l(libinit2.o)
    0x0000015a   0x0000015a   0x00000000   Code   RO          256    .ARM.Collect$$libinit$$00000023  c_p.l(libinit2.o)
    0x0000015a   0x0000015a   0x00000000   Code   RO          258    .ARM.Collect$$libinit$$00000025  c_p.l(libinit2.o)
    0x0000015a   0x0000015a   0x00000000   Code   RO          260    .ARM.Collect$$libinit$$00000027  c_p.l(libinit2.o)
    0x0000015a   0x0000015a   0x00000000   Code   RO          264    .ARM.Collect$$libinit$$0000002E  c_p.l(libinit2.o)
    0x0000015a   0x0000015a   0x00000000   Code   RO          266    .ARM.Collect$$libinit$$00000030  c_p.l(libinit2.o)
    0x0000015a   0x0000015a   0x00000000   Code   RO          268    .ARM.Collect$$libinit$$00000032  c_p.l(libinit2.o)
    0x0000015a   0x0000015a   0x00000000   Code   RO          270    .ARM.Collect$$libinit$$00000034  c_p.l(libinit2.o)
    0x0000015a   0x0000015a   0x00000002   Code   RO          271    .ARM.Collect$$libinit$$00000035  c_p.l(libinit2.o)
    0x0000015c   0x0000015c   0x00000002   Code   RO          306    .ARM.Collect$$libshutdown$$00000000  c_p.l(libshutdown.o)
    0x0000015e   0x0000015e   0x00000000   Code   RO          334    .ARM.Collect$$libshutdown$$00000002  c_p.l(libshutdown2.o)
    0x0000015e   0x0000015e   0x00000000   Code   RO          336    .ARM.Collect$$libshutdown$$00000004  c_p.l(libshutdown2.o)
    0x0000015e   0x0000015e   0x00000000   Code   RO          339    .ARM.Collect$$libshutdown$$00000007  c_p.l(libshutdown2.o)
    0x0000015e   0x0000015e   0x00000000   Code   RO          342    .ARM.Collect$$libshutdown$$0000000A  c_p.l(libshutdown2.o)
    0x0000015e   0x0000015e   0x00000000   Code   RO          344    .ARM.Collect$$libshutdown$$0000000C  c_p.l(libshutdown2.o)
    0x0000015e   0x0000015e   0x00000000   Code   RO          347    .ARM.Collect$$libshutdown$$0000000F  c_p.l(libshutdown2.o)
    0x0000015e   0x0000015e   0x00000002   Code   RO          348    .ARM.Collect$$libshutdown$$00000010  c_p.l(libshutdown2.o)
    0x00000160   0x00000160   0x00000000   Code   RO          175    .ARM.Collect$$rtentry$$00000000  c_p.l(__rtentry.o)
    0x00000160   0x00000160   0x00000000   Code   RO          182    .ARM.Collect$$rtentry$$00000002  c_p.l(__rtentry2.o)
    0x00000160   0x00000160   0x00000006   Code   RO          194    .ARM.Collect$$rtentry$$00000004  c_p.l(__rtentry4.o)
    0x00000166   0x00000166   0x00000000   Code   RO          184    .ARM.Collect$$rtentry$$00000009  c_p.l(__rtentry2.o)
    0x00000166   0x00000166   0x00000004   Code   RO          185    .ARM.Collect$$rtentry$$0000000A  c_p.l(__rtentry2.o)
    0x0000016a   0x0000016a   0x00000000   Code   RO          187    .ARM.Collect$$rtentry$$0000000C  c_p.l(__rtentry2.o)
    0x0000016a   0x0000016a   0x00000008   Code   RO          188    .ARM.Collect$$rtentry$$0000000D  c_p.l(__rtentry2.o)
    0x00000172   0x00000172   0x00000002   Code   RO          217    .ARM.Collect$$rtexit$$00000000  c_p.l(rtexit.o)
    0x00000174   0x00000174   0x00000000   Code   RO          277    .ARM.Collect$$rtexit$$00000002  c_p.l(rtexit2.o)
    0x00000174   0x00000174   0x00000004   Code   RO          278    .ARM.Collect$$rtexit$$00000003  c_p.l(rtexit2.o)
    0x00000178   0x00000178   0x00000006   Code   RO          279    .ARM.Collect$$rtexit$$00000004  c_p.l(rtexit2.o)
    0x0000017e   0x0000017e   0x00000002   PAD
    0x00000180   0x00000180   0x00000040   Code   RO          136  * .text               startup_mkl25z4.o
    0x000001c0   0x000001c0   0x0000016c   Code   RO          158    .text               c_p.l(aeabi_sdiv.o)
    0x0000032c   0x0000032c   0x00000006   Code   RO          162    .text               c_p.l(heapauxi.o)
    0x00000332   0x00000332   0x0000004c   Code   RO          169    .text               fz_ps.l(ffixi.o)
    0x0000037e   0x0000037e   0x0000005e   Code   RO          171    .text               fz_ps.l(fflti.o)
    0x000003dc   0x000003dc   0x00000010   Code   RO          201    .text               c_p.l(exit.o)
    0x000003ec   0x000003ec   0x00000008   Code   RO          213    .text               c_p.l(libspace.o)
    0x000003f4   0x000003f4   0x0000000c   Code   RO          272    .text               c_p.l(sys_exit.o)
    0x00000400   0x00000400   0x00000010   Code   RO          135    .ARM.__at_0x400     startup_mkl25z4.o
    0x00000410   0x00000410   0x00000160   Code   RO          166    .text               fz_ps.l(fdiv.o)
    0x00000570   0x00000570   0x0000003e   Code   RO          198    .text               c_p.l(sys_stackheap_outer.o)
    0x000005ae   0x000005ae   0x00000002   Code   RO          295    .text               c_p.l(use_no_semi.o)
    0x000005b0   0x000005b0   0x00000000   Code   RO          297    .text               c_p.l(indicate_semi.o)
    0x000005b0   0x000005b0   0x00000148   Code   RO           86    .text.ADC0_Calibrate  adc.o
    0x000006f8   0x000006f8   0x00000044   Code   RO           84    .text.ADC0_Init     adc.o
    0x0000073c   0x0000073c   0x00000028   Code   RO           88    .text.ADC0_Read     adc.o
    0x00000764   0x00000764   0x0000003c   Code   RO           90    .text.ADC_get_value  adc.o
    0x000007a0   0x000007a0   0x00000098   Code   RO           55    .text.GPIO_Init     gpio.o
    0x00000838   0x00000838   0x00000170   Code   RO           53    .text.GPIO_change_color  gpio.o
    0x000009a8   0x000009a8   0x00000030   Code   RO           49    .text.GPIO_change_seq  gpio.o
    0x000009d8   0x000009d8   0x00000048   Code   RO           51    .text.GPIO_start_stop  gpio.o
    0x00000a20   0x00000a20   0x00000024   Code   RO           75    .text.PIT_IRQHandler  pit.o
    0x00000a44   0x00000a44   0x00000064   Code   RO           67    .text.PIT_Init      pit.o
    0x00000aa8   0x00000aa8   0x000000c8   Code   RO          103    .text.SysTick_Handler  clocksettings.o
    0x00000b70   0x00000b70   0x0000003c   Code   RO           99    .text.SystemClockTick_Configure  clocksettings.o
    0x00000bac   0x00000bac   0x0000000c   Code   RO          145    .text.SystemInit    system_mkl25z4.o
    0x00000bb8   0x00000bb8   0x00000060   Code   RO          122    .text.TPM2_Init     pwm.o
    0x00000c18   0x00000c18   0x00000074   Code   RO          124    .text.TPM2_Set_DutyCycle  pwm.o
    0x00000c8c   0x00000c8c   0x00000088   Code   RO           14    .text.UART0_IRQHandler  uart.o
    0x00000d14   0x00000d14   0x000000f0   Code   RO            6    .text.UART0_Initialize  uart.o
    0x00000e04   0x00000e04   0x0000009c   Code   RO            2    .text.UART0_Transmit  uart.o
    0x00000ea0   0x00000ea0   0x00000078   Code   RO            4    .text.UART0_Transmit_ADC_val  uart.o
    0x00000f18   0x00000f18   0x00000028   Code   RO            8    .text.__NVIC_ClearPendingIRQ  uart.o
    0x00000f40   0x00000f40   0x0000002c   Code   RO           69    .text.__NVIC_ClearPendingIRQ  pit.o
    0x00000f6c   0x00000f6c   0x00000028   Code   RO           12    .text.__NVIC_EnableIRQ  uart.o
    0x00000f94   0x00000f94   0x0000002c   Code   RO           73    .text.__NVIC_EnableIRQ  pit.o
    0x00000fc0   0x00000fc0   0x0000007c   Code   RO           10    .text.__NVIC_SetPriority  uart.o
    0x0000103c   0x0000103c   0x0000007c   Code   RO           71    .text.__NVIC_SetPriority  pit.o
    0x000010b8   0x000010b8   0x00000084   Code   RO          101    .text.__NVIC_SetPriority  clocksettings.o
    0x0000113c   0x0000113c   0x0000004c   Code   RO           38    .text.lsb_to_msb    utils.o
    0x00001188   0x00001188   0x00000058   Code   RO           27    .text.main          main.o
    0x000011e0   0x000011e0   0x0000004c   Code   RO           36    .text.msb_to_lsb    utils.o
    0x0000122c   0x0000122c   0x000000b0   Code   RO          173    x$fpl$fmul          fz_ps.l(fmul.o)
    0x000012dc   0x000012dc   0x00000000   Code   RO          180    x$fpl$usenofp       fz_ps.l(usenofp.o)
    0x000012dc   0x000012dc   0x00000040   Data   RO          167    .constdata          fz_ps.l(fdiv.o)
    0x0000131c   0x0000131c   0x00000020   Data   RO          350    Region$$Table       anon$$obj.o


    Execution Region ER_RW (Exec base: 0x1ffff000, Load base: 0x0000133c, Size: 0x0000001c, Max: 0xffffffff, ABSOLUTE)

    Exec Addr    Load Addr    Size         Type   Attr      Idx    E Section Name        Object

    0x1ffff000   0x0000133c   0x00000016   Data   RW           17    .data.gpio_message  uart.o
    0x1ffff016   0x00001352   0x00000001   Data   RW           18    .data.gpio_message_size  uart.o
    0x1ffff017   0x00001353   0x00000001   PAD
    0x1ffff018   0x00001354   0x00000002   Data   RW           16    .data.osr           uart.o
    0x1ffff01a   0x00001356   0x00000001   Data   RW           57    .data.start         gpio.o


    Execution Region ER_ZI (Exec base: 0x1ffff020, Load base: 0x00001358, Size: 0x00000178, Max: 0xffffffff, ABSOLUTE)

    Exec Addr    Load Addr    Size         Type   Attr      Idx    E Section Name        Object

    0x1ffff020        -       0x00000060   Zero   RW          214    .bss                c_p.l(libspace.o)
    0x1ffff080        -       0x00000002   Zero   RW          105    .bss.base_tick      clocksettings.o
    0x1ffff082        -       0x00000001   Zero   RW           59    .bss.flag           gpio.o
    0x1ffff083        -       0x00000001   Zero   RW          108    .bss.flag_100ms     clocksettings.o
    0x1ffff084        -       0x00000001   Zero   RW          112    .bss.flag_1s        clocksettings.o
    0x1ffff085        -       0x00000001   Zero   RW          110    .bss.flag_500ms     clocksettings.o
    0x1ffff086        -       0x00000001   Zero   RW          106    .bss.flag_50ms      clocksettings.o
    0x1ffff087        -       0x00000001   Zero   RW          114    .bss.flag_5s        clocksettings.o
    0x1ffff088        -       0x00000001   Zero   RW           19    .bss.gpio_message_flag  uart.o
    0x1ffff089        -       0x00000001   Zero   RW           58    .bss.state          gpio.o
    0x1ffff08a        -       0x00000002   Zero   RW          109    .bss.tick_100ms     clocksettings.o
    0x1ffff08c        -       0x00000002   Zero   RW          113    .bss.tick_1s        clocksettings.o
    0x1ffff08e        -       0x00000002   Zero   RW          111    .bss.tick_500ms     clocksettings.o
    0x1ffff090        -       0x00000002   Zero   RW          107    .bss.tick_50ms      clocksettings.o
    0x1ffff092   0x00001358   0x00000006   PAD
    0x1ffff098        -       0x00000000   Zero   RW          133    HEAP                startup_mkl25z4.o
    0x1ffff098        -       0x00000100   Zero   RW          132    STACK               startup_mkl25z4.o


==============================================================================

Image component sizes


      Code (inc. data)   RO Data    RW Data    ZI Data      Debug   Object Name

       496         84          0          0          0       2737   adc.o
       392         64          0          0         15       3065   clocksettings.o
       640         56          0          1          2       2364   gpio.o
        88          4          0          0          0        576   main.o
       348         32          0          0          0       3753   pit.o
       212         40          0          0          0       2142   pwm.o
        80         44        192          0        256        912   startup_mkl25z4.o
        12          4          0          0          0       2578   system_mkl25z4.o
       856         76          0         25          1       5030   uart.o
       152          0          0          0          0        909   utils.o

    ----------------------------------------------------------------------
      3276        404        224         28        280      24066   Object Totals
         0          0         32          0          0          0   (incl. Generated)
         0          0          0          2          6          0   (incl. Padding)

    ----------------------------------------------------------------------

      Code (inc. data)   RO Data    RW Data    ZI Data      Debug   Library Member Name

         8          0          0          0          0         68   __main.o
         0          0          0          0          0          0   __rtentry.o
        12          0          0          0          0          0   __rtentry2.o
         6          0          0          0          0          0   __rtentry4.o
        86         10          0          0          0          0   __scatter.o
        26          0          0          0          0          0   __scatter_copy.o
        28          0          0          0          0          0   __scatter_zi.o
       364          4          0          0          0         92   aeabi_sdiv.o
        16          0          0          0          0         68   exit.o
         6          0          0          0          0        136   heapauxi.o
         0          0          0          0          0          0   indicate_semi.o
         2          0          0          0          0          0   libinit.o
         2          0          0          0          0          0   libinit2.o
         2          0          0          0          0          0   libshutdown.o
         2          0          0          0          0          0   libshutdown2.o
         8          4          0          0         96         68   libspace.o
         2          0          0          0          0          0   rtexit.o
        10          0          0          0          0          0   rtexit2.o
        12          4          0          0          0         60   sys_exit.o
        62          0          0          0          0         80   sys_stackheap_outer.o
         2          0          0          0          0         68   use_no_semi.o
       352         10         64          0          0         92   fdiv.o
        76          0          0          0          0         68   ffixi.o
        94          0          0          0          0         92   fflti.o
       176          4          0          0          0         80   fmul.o
         0          0          0          0          0          0   usenofp.o

    ----------------------------------------------------------------------
      1360         36         64          0         96        972   Library Totals
         6          0          0          0          0          0   (incl. Padding)

    ----------------------------------------------------------------------

      Code (inc. data)   RO Data    RW Data    ZI Data      Debug   Library Name

       656         22          0          0         96        640   c_p.l
       698         14         64          0          0        332   fz_ps.l

    ----------------------------------------------------------------------
      1360         36         64          0         96        972   Library Totals

    ----------------------------------------------------------------------

==============================================================================


      Code (inc. data)   RO Data    RW Data    ZI Data      Debug   

      4636        440        288         28        376      24618   Grand Totals
      4636        440        288         28        376      24618   ELF Image Totals
      4636        440        288         28          0          0   ROM Totals

==============================================================================

    Total RO  Size (Code + RO Data)                 4924 (   4.81kB)
    Total RW  Size (RW Data + ZI Data)               404 (   0.39kB)
    Total ROM Size (Code + RO Data + RW Data)       4952 (   4.84kB)

==============================================================================

